core_cm0plus.h:741:22:__NVIC_EnableIRQ	16	static
core_cm0plus.h:848:22:__NVIC_SetPriority	24	static
stm32l0xx_ll_tim.h:910:22:LL_TIM_EnableCounter	16	static
stm32l0xx_ll_tim.h:1090:22:LL_TIM_EnableARRPreload	16	static
stm32l0xx_ll_tim.h:1101:22:LL_TIM_DisableARRPreload	16	static
stm32l0xx_ll_tim.h:1290:22:LL_TIM_CC_EnableChannel	16	static
stm32l0xx_ll_tim.h:1511:22:LL_TIM_OC_DisableFast	24	static
stm32l0xx_ll_tim.h:1555:22:LL_TIM_OC_EnablePreload	24	static
stm32l0xx_ll_tim.h:1576:22:LL_TIM_OC_DisablePreload	24	static
stm32l0xx_ll_tim.h:1687:22:LL_TIM_OC_SetCompareCH1	16	static
stm32l0xx_ll_tim.h:1715:22:LL_TIM_OC_SetCompareCH3	16	static
stm32l0xx_ll_tim.h:1729:22:LL_TIM_OC_SetCompareCH4	16	static
stm32l0xx_ll_tim.h:2274:22:LL_TIM_SetTriggerOutput	16	static
stm32l0xx_ll_tim.h:2340:22:LL_TIM_DisableMasterSlaveMode	16	static
stm32l0xx_ll_gpio.h:844:22:LL_GPIO_SetOutputPin	16	static
stm32l0xx_ll_gpio.h:873:22:LL_GPIO_ResetOutputPin	16	static
stm32l0xx_ll_bus.h:440:22:LL_APB1_GRP1_EnableClock	24	static
stm32l0xx_ll_bus.h:987:22:LL_IOP_GRP1_EnableClock	24	static
ESC.h:2:6:changeFreq	88	static
ESC.h:74:6:ESC_Drive	24	static
ESC.h:89:6:reverse	16	static
ESC.h:101:6:ESC_initialize	16	static
main.c:71:5:main	8	static
main.c:123:6:SystemClock_Config	112	static
main.c:172:13:MX_ADC_Init	16	static
main.c:226:13:MX_TIM2_Init	72	static
main.c:313:13:MX_USART2_UART_Init	8	static
main.c:348:13:MX_GPIO_Init	32	static
main.c:400:6:Error_Handler	8	static,ignoring_inline_asm
