stm32l0xx_ll_rcc.h:705:22:LL_RCC_HSE_DisableBypass	8	static
stm32l0xx_ll_rcc.h:802:26:LL_RCC_HSI_IsReady	8	static
stm32l0xx_ll_rcc.h:893:22:LL_RCC_HSI_SetCalibTrimming	16	static
stm32l0xx_ll_rcc.h:1097:26:LL_RCC_LSE_IsReady	8	static
stm32l0xx_ll_rcc.h:1145:26:LL_RCC_LSI_IsReady	8	static
stm32l0xx_ll_rcc.h:1163:22:LL_RCC_MSI_Enable	8	static
stm32l0xx_ll_rcc.h:1183:26:LL_RCC_MSI_IsReady	8	static
stm32l0xx_ll_rcc.h:1201:22:LL_RCC_MSI_SetRange	16	static
stm32l0xx_ll_rcc.h:1218:26:LL_RCC_MSI_GetRange	8	static
stm32l0xx_ll_rcc.h:1242:22:LL_RCC_MSI_SetCalibTrimming	16	static
stm32l0xx_ll_rcc.h:1289:26:LL_RCC_GetSysClkSource	8	static
stm32l0xx_ll_rcc.h:1360:26:LL_RCC_GetAHBPrescaler	8	static
stm32l0xx_ll_rcc.h:1375:26:LL_RCC_GetAPB1Prescaler	8	static
stm32l0xx_ll_rcc.h:1390:26:LL_RCC_GetAPB2Prescaler	8	static
stm32l0xx_ll_rcc.h:1586:26:LL_RCC_GetUSARTClockSource	16	static
stm32l0xx_ll_rcc.h:1604:26:LL_RCC_GetLPUARTClockSource	16	static
stm32l0xx_ll_rcc.h:1625:26:LL_RCC_GetI2CClockSource	16	static
stm32l0xx_ll_rcc.h:1641:26:LL_RCC_GetLPTIMClockSource	16	static
stm32l0xx_ll_rcc.h:1805:26:LL_RCC_PLL_IsReady	8	static
stm32l0xx_ll_rcc.h:1859:26:LL_RCC_PLL_GetMainSource	8	static
stm32l0xx_ll_rcc.h:1878:26:LL_RCC_PLL_GetMultiplicator	8	static
stm32l0xx_ll_rcc.h:1891:26:LL_RCC_PLL_GetDivider	8	static
stm32l0xx_ll_rcc.h:2097:26:LL_RCC_IsActiveFlag_HSIDIV	8	static
stm32l0xx_ll_rcc.h:2189:22:LL_RCC_ClearResetFlags	8	static
stm32l0xx_ll_rcc.c:112:13:LL_RCC_DeInit	16	static,ignoring_inline_asm
stm32l0xx_ll_rcc.c:222:6:LL_RCC_GetSystemClocksFreq	16	static
stm32l0xx_ll_rcc.c:247:10:LL_RCC_GetUSARTClockFreq	24	static
stm32l0xx_ll_rcc.c:344:10:LL_RCC_GetI2CClockFreq	24	static
stm32l0xx_ll_rcc.c:423:10:LL_RCC_GetLPUARTClockFreq	24	static
stm32l0xx_ll_rcc.c:474:10:LL_RCC_GetLPTIMClockFreq	24	static
stm32l0xx_ll_rcc.c:579:17:RCC_GetSystemClockFreq	16	static
stm32l0xx_ll_rcc.c:622:17:RCC_GetHCLKClockFreq	16	static
stm32l0xx_ll_rcc.c:633:17:RCC_GetPCLK1ClockFreq	16	static
stm32l0xx_ll_rcc.c:644:17:RCC_GetPCLK2ClockFreq	16	static
stm32l0xx_ll_rcc.c:654:17:RCC_PLL_GetFreqDomain_SYS	24	static
