stm32l0xx_ll_exti.h:274:22:LL_EXTI_EnableIT_0_31	16	static
stm32l0xx_ll_exti.h:322:22:LL_EXTI_DisableIT_0_31	16	static
stm32l0xx_ll_exti.h:425:22:LL_EXTI_EnableEvent_0_31	16	static
stm32l0xx_ll_exti.h:472:22:LL_EXTI_DisableEvent_0_31	16	static
stm32l0xx_ll_exti.h:572:22:LL_EXTI_EnableRisingTrig_0_31	16	static
stm32l0xx_ll_exti.h:618:22:LL_EXTI_DisableRisingTrig_0_31	16	static
stm32l0xx_ll_exti.h:710:22:LL_EXTI_EnableFallingTrig_0_31	16	static
stm32l0xx_ll_exti.h:754:22:LL_EXTI_DisableFallingTrig_0_31	16	static
stm32l0xx_ll_exti.c:80:10:LL_EXTI_DeInit	8	static
stm32l0xx_ll_exti.c:105:10:LL_EXTI_Init	24	static
stm32l0xx_ll_exti.c:186:6:LL_EXTI_StructInit	16	static
