stm32l0xx_ll_tim.h:910:22:LL_TIM_EnableCounter	16	static
stm32l0xx_ll_tim.h:1101:22:LL_TIM_DisableARRPreload	16	static
stm32l0xx_ll_tim.h:1290:22:LL_TIM_CC_EnableChannel	16	static
stm32l0xx_ll_tim.h:1511:22:LL_TIM_OC_DisableFast	24	static
stm32l0xx_ll_tim.h:1555:22:LL_TIM_OC_EnablePreload	24	static
stm32l0xx_ll_tim.h:1576:22:LL_TIM_OC_DisablePreload	24	static
stm32l0xx_ll_tim.h:1687:22:LL_TIM_OC_SetCompareCH1	16	static
stm32l0xx_ll_tim.h:1715:22:LL_TIM_OC_SetCompareCH3	16	static
stm32l0xx_ll_tim.h:1729:22:LL_TIM_OC_SetCompareCH4	16	static
stm32l0xx_ll_tim.h:2274:22:LL_TIM_SetTriggerOutput	16	static
stm32l0xx_ll_tim.h:2340:22:LL_TIM_DisableMasterSlaveMode	16	static
stm32l0xx_ll_gpio.h:844:22:LL_GPIO_SetOutputPin	16	static
stm32l0xx_ll_gpio.h:873:22:LL_GPIO_ResetOutputPin	16	static
stm32l0xx_ll_bus.h:440:22:LL_APB1_GRP1_EnableClock	24	static
stm32l0xx_ll_bus.h:987:22:LL_IOP_GRP1_EnableClock	24	static
ESC.h:1:6:sekuta	16	static
ESC.h:53:6:ESC_Drive	16	static
main.c:65:5:main	8	static
main.c:112:6:SystemClock_Config	88	static
main.c:154:13:MX_TIM2_Init	72	static
main.c:237:13:MX_GPIO_Init	32	static
main.c:289:6:Error_Handler	8	static,ignoring_inline_asm
