Archive member included to satisfy reference by file (symbol)

/Applications/STM32CubeIDE.app/Contents/Eclipse/plugins/com.st.stm32cube.ide.mcu.externaltools.gnu-tools-for-stm32.9-2020-q2-update.macos64_2.0.0.202105311346/tools/bin/../lib/gcc/arm-none-eabi/9.3.1/../../../../arm-none-eabi/lib/thumb/v6-m/nofp/libc_nano.a(lib_a-errno.o)
                              ./Core/Src/syscalls.o (__errno)
/Applications/STM32CubeIDE.app/Contents/Eclipse/plugins/com.st.stm32cube.ide.mcu.externaltools.gnu-tools-for-stm32.9-2020-q2-update.macos64_2.0.0.202105311346/tools/bin/../lib/gcc/arm-none-eabi/9.3.1/../../../../arm-none-eabi/lib/thumb/v6-m/nofp/libc_nano.a(lib_a-exit.o)
                              /Applications/STM32CubeIDE.app/Contents/Eclipse/plugins/com.st.stm32cube.ide.mcu.externaltools.gnu-tools-for-stm32.9-2020-q2-update.macos64_2.0.0.202105311346/tools/bin/../lib/gcc/arm-none-eabi/9.3.1/../../../../arm-none-eabi/lib/thumb/v6-m/nofp/crt0.o (exit)
/Applications/STM32CubeIDE.app/Contents/Eclipse/plugins/com.st.stm32cube.ide.mcu.externaltools.gnu-tools-for-stm32.9-2020-q2-update.macos64_2.0.0.202105311346/tools/bin/../lib/gcc/arm-none-eabi/9.3.1/../../../../arm-none-eabi/lib/thumb/v6-m/nofp/libc_nano.a(lib_a-impure.o)
                              /Applications/STM32CubeIDE.app/Contents/Eclipse/plugins/com.st.stm32cube.ide.mcu.externaltools.gnu-tools-for-stm32.9-2020-q2-update.macos64_2.0.0.202105311346/tools/bin/../lib/gcc/arm-none-eabi/9.3.1/../../../../arm-none-eabi/lib/thumb/v6-m/nofp/libc_nano.a(lib_a-exit.o) (_global_impure_ptr)
/Applications/STM32CubeIDE.app/Contents/Eclipse/plugins/com.st.stm32cube.ide.mcu.externaltools.gnu-tools-for-stm32.9-2020-q2-update.macos64_2.0.0.202105311346/tools/bin/../lib/gcc/arm-none-eabi/9.3.1/../../../../arm-none-eabi/lib/thumb/v6-m/nofp/libc_nano.a(lib_a-init.o)
                              /Applications/STM32CubeIDE.app/Contents/Eclipse/plugins/com.st.stm32cube.ide.mcu.externaltools.gnu-tools-for-stm32.9-2020-q2-update.macos64_2.0.0.202105311346/tools/bin/../lib/gcc/arm-none-eabi/9.3.1/../../../../arm-none-eabi/lib/thumb/v6-m/nofp/crt0.o (__libc_init_array)
/Applications/STM32CubeIDE.app/Contents/Eclipse/plugins/com.st.stm32cube.ide.mcu.externaltools.gnu-tools-for-stm32.9-2020-q2-update.macos64_2.0.0.202105311346/tools/bin/../lib/gcc/arm-none-eabi/9.3.1/../../../../arm-none-eabi/lib/thumb/v6-m/nofp/libc_nano.a(lib_a-memset.o)
                              /Applications/STM32CubeIDE.app/Contents/Eclipse/plugins/com.st.stm32cube.ide.mcu.externaltools.gnu-tools-for-stm32.9-2020-q2-update.macos64_2.0.0.202105311346/tools/bin/../lib/gcc/arm-none-eabi/9.3.1/../../../../arm-none-eabi/lib/thumb/v6-m/nofp/crt0.o (memset)
/Applications/STM32CubeIDE.app/Contents/Eclipse/plugins/com.st.stm32cube.ide.mcu.externaltools.gnu-tools-for-stm32.9-2020-q2-update.macos64_2.0.0.202105311346/tools/bin/../lib/gcc/arm-none-eabi/9.3.1/thumb/v6-m/nofp/libgcc.a(_udivsi3.o)
                              ./Core/Src/main.o (__aeabi_uidiv)
/Applications/STM32CubeIDE.app/Contents/Eclipse/plugins/com.st.stm32cube.ide.mcu.externaltools.gnu-tools-for-stm32.9-2020-q2-update.macos64_2.0.0.202105311346/tools/bin/../lib/gcc/arm-none-eabi/9.3.1/thumb/v6-m/nofp/libgcc.a(_dvmd_tls.o)
                              /Applications/STM32CubeIDE.app/Contents/Eclipse/plugins/com.st.stm32cube.ide.mcu.externaltools.gnu-tools-for-stm32.9-2020-q2-update.macos64_2.0.0.202105311346/tools/bin/../lib/gcc/arm-none-eabi/9.3.1/thumb/v6-m/nofp/libgcc.a(_udivsi3.o) (__aeabi_idiv0)
/Applications/STM32CubeIDE.app/Contents/Eclipse/plugins/com.st.stm32cube.ide.mcu.externaltools.gnu-tools-for-stm32.9-2020-q2-update.macos64_2.0.0.202105311346/tools/bin/../lib/gcc/arm-none-eabi/9.3.1/thumb/v6-m/nofp/libgcc.a(_aeabi_uldivmod.o)
                              ./Drivers/STM32L0xx_HAL_Driver/Src/stm32l0xx_hal_rcc.o (__aeabi_uldivmod)
/Applications/STM32CubeIDE.app/Contents/Eclipse/plugins/com.st.stm32cube.ide.mcu.externaltools.gnu-tools-for-stm32.9-2020-q2-update.macos64_2.0.0.202105311346/tools/bin/../lib/gcc/arm-none-eabi/9.3.1/thumb/v6-m/nofp/libgcc.a(_muldi3.o)
                              ./Drivers/STM32L0xx_HAL_Driver/Src/stm32l0xx_hal_rcc.o (__aeabi_lmul)
/Applications/STM32CubeIDE.app/Contents/Eclipse/plugins/com.st.stm32cube.ide.mcu.externaltools.gnu-tools-for-stm32.9-2020-q2-update.macos64_2.0.0.202105311346/tools/bin/../lib/gcc/arm-none-eabi/9.3.1/thumb/v6-m/nofp/libgcc.a(_fixunsdfsi.o)
                              ./Core/Src/main.o (__aeabi_d2uiz)
/Applications/STM32CubeIDE.app/Contents/Eclipse/plugins/com.st.stm32cube.ide.mcu.externaltools.gnu-tools-for-stm32.9-2020-q2-update.macos64_2.0.0.202105311346/tools/bin/../lib/gcc/arm-none-eabi/9.3.1/thumb/v6-m/nofp/libgcc.a(_udivmoddi4.o)
[...]
Memory Configuration

Name             Origin             Length             Attributes
RAM              0x0000000020000000 0x0000000000000800 xrw
FLASH            0x0000000008000000 0x0000000000004000 xr
*default*        0x0000000000000000 0xffffffffffffffff

Linker script and memory map

LOAD /Applications/STM32CubeIDE.app/Contents/Eclipse/plugins/com.st.stm32cube.ide.mcu.externaltools.gnu-tools-for-stm32.9-2020-q2-update.macos64_2.0.0.202105311346/tools/bin/../lib/gcc/arm-none-eabi/9.3.1/thumb/v6-m/nofp/crti.o
LOAD /Applications/STM32CubeIDE.app/Contents/Eclipse/plugins/com.st.stm32cube.ide.mcu.externaltools.gnu-tools-for-stm32.9-2020-q2-update.macos64_2.0.0.202105311346/tools/bin/../lib/gcc/arm-none-eabi/9.3.1/thumb/v6-m/nofp/crtbegin.o
LOAD /Applications/STM32CubeIDE.app/Contents/Eclipse/plugins/com.st.stm32cube.ide.mcu.externaltools.gnu-tools-for-stm32.9-2020-q2-update.macos64_2.0.0.202105311346/tools/bin/../lib/gcc/arm-none-eabi/9.3.1/../../../../arm-none-eabi/lib/thumb/v6-m/nofp/crt0.o
LOAD ./Core/Src/main.o
LOAD ./Core/Src/stm32l0xx_hal_msp.o
LOAD ./Core/Src/stm32l0xx_it.o
LOAD ./Core/Src/syscalls.o
LOAD ./Core/Src/sysmem.o
LOAD ./Core/Src/system_stm32l0xx.o
LOAD ./Core/Startup/startup_stm32l010f4px.o
LOAD ./Drivers/STM32L0xx_HAL_Driver/Src/stm32l0xx_hal.o
LOAD ./Drivers/STM32L0xx_HAL_Driver/Src/stm32l0xx_hal_adc.o
LOAD ./Drivers/STM32L0xx_HAL_Driver/Src/stm32l0xx_hal_adc_ex.o
LOAD ./Drivers/STM32L0xx_HAL_Driver/Src/stm32l0xx_hal_cortex.o
LOAD ./Drivers/STM32L0xx_HAL_Driver/Src/stm32l0xx_hal_dma.o
LOAD ./Drivers/STM32L0xx_HAL_Driver/Src/stm32l0xx_hal_exti.o
LOAD ./Drivers/STM32L0xx_HAL_Driver/Src/stm32l0xx_hal_flash.o
LOAD ./Drivers/STM32L0xx_HAL_Driver/Src/stm32l0xx_hal_flash_ex.o
LOAD ./Drivers/STM32L0xx_HAL_Driver/Src/stm32l0xx_hal_flash_ramfunc.o
LOAD ./Drivers/STM32L0xx_HAL_Driver/Src/stm32l0xx_hal_gpio.o
LOAD ./Drivers/STM32L0xx_HAL_Driver/Src/stm32l0xx_hal_i2c.o
LOAD ./Drivers/STM32L0xx_HAL_Driver/Src/stm32l0xx_hal_i2c_ex.o
LOAD ./Drivers/STM32L0xx_HAL_Driver/Src/stm32l0xx_hal_pwr.o
LOAD ./Drivers/STM32L0xx_HAL_Driver/Src/stm32l0xx_hal_pwr_ex.o
LOAD ./Drivers/STM32L0xx_HAL_Driver/Src/stm32l0xx_hal_rcc.o
LOAD ./Drivers/STM32L0xx_HAL_Driver/Src/stm32l0xx_hal_rcc_ex.o
LOAD ./Drivers/STM32L0xx_HAL_Driver/Src/stm32l0xx_hal_tim.o
LOAD ./Drivers/STM32L0xx_HAL_Driver/Src/stm32l0xx_hal_tim_ex.o
LOAD ./Drivers/STM32L0xx_HAL_Driver/Src/stm32l0xx_hal_uart.o
LOAD ./Drivers/STM32L0xx_HAL_Driver/Src/stm32l0xx_hal_uart_ex.o
LOAD ./Drivers/STM32L0xx_HAL_Driver/Src/stm32l0xx_ll_dma.o
LOAD ./Drivers/STM32L0xx_HAL_Driver/Src/stm32l0xx_ll_exti.o
LOAD ./Drivers/STM32L0xx_HAL_Driver/Src/stm32l0xx_ll_gpio.o
LOAD ./Drivers/STM32L0xx_HAL_Driver/Src/stm32l0xx_ll_rcc.o
LOAD ./Drivers/STM32L0xx_HAL_Driver/Src/stm32l0xx_ll_tim.o
LOAD ./Drivers/STM32L0xx_HAL_Driver/Src/stm32l0xx_ll_utils.o
START GROUP
LOAD /Applications/STM32CubeIDE.app/Contents/Eclipse/plugins/com.st.stm32cube.ide.mcu.externaltools.gnu-tools-for-stm32.9-2020-q2-update.macos64_2.0.0.202105311346/tools/bin/../lib/gcc/arm-none-eabi/9.3.1/../../../../arm-none-eabi/lib/thumb/v6-m/nofp/libc_nano.a
LOAD /Applications/STM32CubeIDE.app/Contents/Eclipse/plugins/com.st.stm32cube.ide.mcu.externaltools.gnu-tools-for-stm32.9-2020-q2-update.macos64_2.0.0.202105311346/tools/bin/../lib/gcc/arm-none-eabi/9.3.1/../../../../arm-none-eabi/lib/thumb/v6-m/nofp/libm.a
END GROUP
START GROUP
LOAD /Applications/STM32CubeIDE.app/Contents/Eclipse/plugins/com.st.stm32cube.ide.mcu.externaltools.gnu-tools-for-stm32.9-2020-q2-update.macos64_2.0.0.202105311346/tools/bin/../lib/gcc/arm-none-eabi/9.3.1/thumb/v6-m/nofp/libgcc.a
LOAD /Applications/STM32CubeIDE.app/Contents/Eclipse/plugins/com.st.stm32cube.ide.mcu.externaltools.gnu-tools-for-stm32.9-2020-q2-update.macos64_2.0.0.202105311346/tools/bin/../lib/gcc/arm-none-eabi/9.3.1/../../../../arm-none-eabi/lib/thumb/v6-m/nofp/libc_nano.a
END GROUP
START GROUP
LOAD /Applications/STM32CubeIDE.app/Contents/Eclipse/plugins/com.st.stm32cube.ide.mcu.externaltools.gnu-tools-for-stm32.9-2020-q2-update.macos64_2.0.0.202105311346/tools/bin/../lib/gcc/arm-none-eabi/9.3.1/thumb/v6-m/nofp/libgcc.a
LOAD /Applications/STM32CubeIDE.app/Contents/Eclipse/plugins/com.st.stm32cube.ide.mcu.externaltools.gnu-tools-for-stm32.9-2020-q2-update.macos64_2.0.0.202105311346/tools/bin/../lib/gcc/arm-none-eabi/9.3.1/../../../../arm-none-eabi/lib/thumb/v6-m/nofp/libc_nano.a
LOAD /Applications/STM32CubeIDE.app/Contents/Eclipse/plugins/com.st.stm32cube.ide.mcu.externaltools.gnu-tools-for-stm32.9-2020-q2-update.macos64_2.0.0.202105311346/tools/bin/../lib/gcc/arm-none-eabi/9.3.1/../../../../arm-none-eabi/lib/thumb/v6-m/nofp/libnosys.a
END GROUP
START GROUP
LOAD /Applications/STM32CubeIDE.app/Contents/Eclipse/plugins/com.st.stm32cube.ide.mcu.externaltools.gnu-tools-for-stm32.9-2020-q2-update.macos64_2.0.0.202105311346/tools/bin/../lib/gcc/arm-none-eabi/9.3.1/thumb/v6-m/nofp/libgcc.a
LOAD /Applications/STM32CubeIDE.app/Contents/Eclipse/plugins/com.st.stm32cube.ide.mcu.externaltools.gnu-tools-for-stm32.9-2020-q2-update.macos64_2.0.0.202105311346/tools/bin/../lib/gcc/arm-none-eabi/9.3.1/../../../../arm-none-eabi/lib/thumb/v6-m/nofp/libc_nano.a
LOAD /Applications/STM32CubeIDE.app/Contents/Eclipse/plugins/com.st.stm32cube.ide.mcu.externaltools.gnu-tools-for-stm32.9-2020-q2-update.macos64_2.0.0.202105311346/tools/bin/../lib/gcc/arm-none-eabi/9.3.1/../../../../arm-none-eabi/lib/thumb/v6-m/nofp/libnosys.a
END GROUP
LOAD /Applications/STM32CubeIDE.app/Contents/Eclipse/plugins/com.st.stm32cube.ide.mcu.externaltools.gnu-tools-for-stm32.9-2020-q2-update.macos64_2.0.0.202105311346/tools/bin/../lib/gcc/arm-none-eabi/9.3.1/thumb/v6-m/nofp/crtend.o
LOAD /Applications/STM32CubeIDE.app/Contents/Eclipse/plugins/com.st.stm32cube.ide.mcu.externaltools.gnu-tools-for-stm32.9-2020-q2-update.macos64_2.0.0.202105311346/tools/bin/../lib/gcc/arm-none-eabi/9.3.1/thumb/v6-m/nofp/crtn.o
                0x0000000020000800                _estack = (ORIGIN (RAM) + LENGTH (RAM))
                0x0000000000000200                _Min_Heap_Size = 0x200
                0x0000000000000400                _Min_Stack_Size = 0x400

.isr_vector     0x0000000008000000       0xc0
                0x0000000008000000                . = ALIGN (0x4)
 *(.isr_vector)
 .isr_vector    0x0000000008000000       0xc0 ./Core/Startup/startup_stm32l010f4px.o
                0x0000000008000000                g_pfnVectors
                0x00000000080000c0                . = ALIGN (0x4)

.text           0x00000000080000c0     0x5410
                0x00000000080000c0                . = ALIGN (0x4)
 *(.text)
 .text          0x00000000080000c0       0x48 /Applications/STM32CubeIDE.app/Contents/Eclipse/plugins/com.st.stm32cube.ide.mcu.externaltools.gnu-tools-for-stm32.9-2020-q2-update.macos64_2.0.0.202105311346/tools/bin/../lib/gcc/arm-none-eabi/9.3.1/thumb/v6-m/nofp/crtbegin.o
 .text          0x0000000008000108      0x114 /Applications/STM32CubeIDE.app/Contents/Eclipse/plugins/com.st.stm32cube.ide.mcu.externaltools.gnu-tools-for-stm32.9-2020-q2-update.macos64_2.0.0.202105311346/tools/bin/../lib/gcc/arm-none-eabi/9.3.1/thumb/v6-m/nofp/libgcc.a(_udivsi3.o)
                0x0000000008000108                __udivsi3
                0x0000000008000108                __aeabi_uidiv
                0x0000000008000214                __aeabi_uidivmod
 .text          0x000000000800021c        0x4 /Applications/STM32CubeIDE.app/Contents/Eclipse/plugins/com.st.stm32cube.ide.mcu.externaltools.gnu-tools-for-stm32.9-2020-q2-update.macos64_2.0.0.202105311346/tools/bin/../lib/gcc/arm-none-eabi/9.3.1/thumb/v6-m/nofp/libgcc.a(_dvmd_tls.o)
                0x000000000800021c                __aeabi_ldiv0
                0x000000000800021c                __aeabi_idiv0
 .text          0x0000000008000220       0x40 /Applications/STM32CubeIDE.app/Contents/Eclipse/plugins/com.st.stm32cube.ide.mcu.externaltools.gnu-tools-for-stm32.9-2020-q2-update.macos64_2.0.0.202105311346/tools/bin/../lib/gcc/arm-none-eabi/9.3.1/thumb/v6-m/nofp/libgcc.a(_aeabi_uldivmod.o)
                0x0000000008000220                __aeabi_uldivmod
 .text          0x0000000008000260       0x50 /Applications/STM32CubeIDE.app/Contents/Eclipse/plugins/com.st.stm32cube.ide.mcu.externaltools.gnu-tools-for-stm32.9-2020-q2-update.macos64_2.0.0.202105311346/tools/bin/../lib/gcc/arm-none-eabi/9.3.1/thumb/v6-m/nofp/libgcc.a(_muldi3.o)
                0x0000000008000260                __aeabi_lmul
                0x0000000008000260                __muldi3
 .text          0x00000000080002b0       0x3c /Applications/STM32CubeIDE.app/Contents/Eclipse/plugins/com.st.stm32cube.ide.mcu.externaltools.gnu-tools-for-stm32.9-2020-q2-update.macos64_2.0.0.202105311346/tools/bin/../lib/gcc/arm-none-eabi/9.3.1/thumb/v6-m/nofp/libgcc.a(_fixunsdfsi.o)
                0x00000000080002b0                __fixunsdfsi
                0x00000000080002b0                __aeabi_d2uiz
 .text          0x00000000080002ec      0x198 /Applications/STM32CubeIDE.app/Contents/Eclipse/plugins/com.st.stm32cube.ide.mcu.externaltools.gnu-tools-for-stm32.9-2020-q2-update.macos64_2.0.0.202105311346/tools/bin/../lib/gcc/arm-none-eabi/9.3.1/thumb/v6-m/nofp/libgcc.a(_udivmoddi4.o)
                0x00000000080002ec                __udivmoddi4
 .text          0x0000000008000484      0x4d8 /Applications/STM32CubeIDE.app/Contents/Eclipse/plugins/com.st.stm32cube.ide.mcu.externaltools.gnu-tools-for-stm32.9-2020-q2-update.macos64_2.0.0.202105311346/tools/bin/../lib/gcc/arm-none-eabi/9.3.1/thumb/v6-m/nofp/libgcc.a(muldf3.o)
                0x0000000008000484                __aeabi_dmul
 .text          0x000000000800095c      0x724 /Applications/STM32CubeIDE.app/Contents/Eclipse/plugins/com.st.stm32cube.ide.mcu.externaltools.gnu-tools-for-stm32.9-2020-q2-update.macos64_2.0.0.202105311346/tools/bin/../lib/gcc/arm-none-eabi/9.3.1/thumb/v6-m/nofp/libgcc.a(subdf3.o)
                0x000000000800095c                __aeabi_dsub
 .text          0x0000000008001080       0x6c /Applications/STM32CubeIDE.app/Contents/Eclipse/plugins/com.st.stm32cube.ide.mcu.externaltools.gnu-tools-for-stm32.9-2020-q2-update.macos64_2.0.0.202105311346/tools/bin/../lib/gcc/arm-none-eabi/9.3.1/thumb/v6-m/nofp/libgcc.a(fixdfsi.o)
                0x0000000008001080                __aeabi_d2iz
 .text          0x00000000080010ec       0x60 /Applications/STM32CubeIDE.app/Contents/Eclipse/plugins/com.st.stm32cube.ide.mcu.externaltools.gnu-tools-for-stm32.9-2020-q2-update.macos64_2.0.0.202105311346/tools/bin/../lib/gcc/arm-none-eabi/9.3.1/thumb/v6-m/nofp/libgcc.a(floatsidf.o)
                0x00000000080010ec                __aeabi_i2d
 .text          0x000000000800114c       0x7c /Applications/STM32CubeIDE.app/Contents/Eclipse/plugins/com.st.stm32cube.ide.mcu.externaltools.gnu-tools-for-stm32.9-2020-q2-update.macos64_2.0.0.202105311346/tools/bin/../lib/gcc/arm-none-eabi/9.3.1/thumb/v6-m/nofp/libgcc.a(_arm_cmpdf2.o)
                0x000000000800114c                __aeabi_cdrcmple
                0x000000000800115c                __aeabi_cdcmple
                0x000000000800115c                __aeabi_cdcmpeq
                0x000000000800116c                __aeabi_dcmpeq
                0x0000000008001178                __aeabi_dcmplt
                0x000000000800118c                __aeabi_dcmple
                0x00000000080011a0                __aeabi_dcmpgt
                0x00000000080011b4                __aeabi_dcmpge
 .text          0x00000000080011c8       0x3c /Applications/STM32CubeIDE.app/Contents/Eclipse/plugins/com.st.stm32cube.ide.mcu.externaltools.gnu-tools-for-stm32.9-2020-q2-update.macos64_2.0.0.202105311346/tools/bin/../lib/gcc/arm-none-eabi/9.3.1/thumb/v6-m/nofp/libgcc.a(_clzsi2.o)
                0x00000000080011c8                __clzsi2
 .text          0x0000000008001204       0x18 /Applications/STM32CubeIDE.app/Contents/Eclipse/plugins/com.st.stm32cube.ide.mcu.externaltools.gnu-tools-for-stm32.9-2020-q2-update.macos64_2.0.0.202105311346/tools/bin/../lib/gcc/arm-none-eabi/9.3.1/thumb/v6-m/nofp/libgcc.a(_clzdi2.o)
                0x0000000008001204                __clzdi2
 .text          0x000000000800121c       0x78 /Applications/STM32CubeIDE.app/Contents/Eclipse/plugins/com.st.stm32cube.ide.mcu.externaltools.gnu-tools-for-stm32.9-2020-q2-update.macos64_2.0.0.202105311346/tools/bin/../lib/gcc/arm-none-eabi/9.3.1/thumb/v6-m/nofp/libgcc.a(eqdf2.o)
                0x000000000800121c                __eqdf2
                0x000000000800121c                __nedf2
 .text          0x0000000008001294       0xe4 /Applications/STM32CubeIDE.app/Contents/Eclipse/plugins/com.st.stm32cube.ide.mcu.externaltools.gnu-tools-for-stm32.9-2020-q2-update.macos64_2.0.0.202105311346/tools/bin/../lib/gcc/arm-none-eabi/9.3.1/thumb/v6-m/nofp/libgcc.a(gedf2.o)
                0x0000000008001294                __gtdf2
                0x0000000008001294                __gedf2
 .text          0x0000000008001378       0xe0 /Applications/STM32CubeIDE.app/Contents/Eclipse/plugins/com.st.stm32cube.ide.mcu.externaltools.gnu-tools-for-stm32.9-2020-q2-update.macos64_2.0.0.202105311346/tools/bin/../lib/gcc/arm-none-eabi/9.3.1/thumb/v6-m/nofp/libgcc.a(ledf2.o)
                0x0000000008001378                __ltdf2
                0x0000000008001378                __ledf2
 *(.text*)
 .text.__NVIC_EnableIRQ
                0x0000000008001458       0x34 ./Core/Src/main.o
 .text.__NVIC_SetPriority
                0x000000000800148c       0xdc ./Core/Src/main.o
 .text.LL_TIM_EnableCounter
                0x0000000008001568       0x1c ./Core/Src/main.o
 .text.LL_TIM_EnableARRPreload
                0x0000000008001584       0x1c ./Core/Src/main.o
 .text.LL_TIM_DisableARRPreload
                0x00000000080015a0       0x1e ./Core/Src/main.o
 .text.LL_TIM_CC_EnableChannel
                0x00000000080015be       0x1e ./Core/Src/main.o
 .text.LL_TIM_OC_DisableFast
                0x00000000080015dc       0x70 ./Core/Src/main.o
 .text.LL_TIM_OC_EnablePreload
                0x000000000800164c       0x70 ./Core/Src/main.o
 .text.LL_TIM_OC_DisablePreload
                0x00000000080016bc       0x70 ./Core/Src/main.o
 .text.LL_TIM_OC_SetCompareCH1
                0x000000000800172c       0x18 ./Core/Src/main.o
 .text.LL_TIM_OC_SetCompareCH3
                0x0000000008001744       0x18 ./Core/Src/main.o
 .text.LL_TIM_OC_SetCompareCH4
                0x000000000800175c       0x18 ./Core/Src/main.o
 .text.LL_TIM_SetTriggerOutput
                0x0000000008001774       0x24 ./Core/Src/main.o
 .text.LL_TIM_DisableMasterSlaveMode
                0x0000000008001798       0x1e ./Core/Src/main.o
 .text.LL_GPIO_SetOutputPin
                0x00000000080017b6       0x18 ./Core/Src/main.o
 .text.LL_GPIO_ResetOutputPin
                0x00000000080017ce       0x18 ./Core/Src/main.o
 *fill*         0x00000000080017e6        0x2 
 .text.LL_APB1_GRP1_EnableClock
                0x00000000080017e8       0x2c ./Core/Src/main.o
 .text.LL_IOP_GRP1_EnableClock
                0x0000000008001814       0x2c ./Core/Src/main.o
 .text.changeFreq
                0x0000000008001840      0x248 ./Core/Src/main.o
                0x0000000008001840                changeFreq
 .text.ESC_Drive
                0x0000000008001a88      0x148 ./Core/Src/main.o
                0x0000000008001a88                ESC_Drive
 .text.reverse  0x0000000008001bd0       0x70 ./Core/Src/main.o
                0x0000000008001bd0                reverse
 .text.ESC_initialize
                0x0000000008001c40      0x18c ./Core/Src/main.o
                0x0000000008001c40                ESC_initialize
 .text.main     0x0000000008001dcc       0x5c ./Core/Src/main.o
                0x0000000008001dcc                main
 .text.SystemClock_Config
                0x0000000008001e28       0xe4 ./Core/Src/main.o
                0x0000000008001e28                SystemClock_Config
 .text.MX_ADC_Init
                0x0000000008001f0c       0xcc ./Core/Src/main.o
 .text.MX_TIM2_Init
                0x0000000008001fd8      0x208 ./Core/Src/main.o
 .text.MX_USART2_UART_Init
                0x00000000080021e0       0x60 ./Core/Src/main.o
 .text.MX_GPIO_Init
                0x0000000008002240       0xe4 ./Core/Src/main.o
 .text.Error_Handler
                0x0000000008002324        0xa ./Core/Src/main.o
                0x0000000008002324                Error_Handler
 *fill*         0x000000000800232e        0x2 
 .text.HAL_MspInit
                0x0000000008002330       0x28 ./Core/Src/stm32l0xx_hal_msp.o
                0x0000000008002330                HAL_MspInit
 .text.HAL_ADC_MspInit
                0x0000000008002358       0x78 ./Core/Src/stm32l0xx_hal_msp.o
                0x0000000008002358                HAL_ADC_MspInit
 .text.HAL_UART_MspInit
                0x00000000080023d0       0x98 ./Core/Src/stm32l0xx_hal_msp.o
                0x00000000080023d0                HAL_UART_MspInit
 .text.LL_GPIO_SetOutputPin
                0x0000000008002468       0x18 ./Core/Src/stm32l0xx_it.o
 .text.LL_GPIO_ResetOutputPin
                0x0000000008002480       0x18 ./Core/Src/stm32l0xx_it.o
 .text.NMI_Handler
                0x0000000008002498        0x6 ./Core/Src/stm32l0xx_it.o
                0x0000000008002498                NMI_Handler
 .text.HardFault_Handler
                0x000000000800249e        0x6 ./Core/Src/stm32l0xx_it.o
                0x000000000800249e                HardFault_Handler
 .text.SVC_Handler
                0x00000000080024a4        0xa ./Core/Src/stm32l0xx_it.o
                0x00000000080024a4                SVC_Handler
 .text.PendSV_Handler
                0x00000000080024ae        0xa ./Core/Src/stm32l0xx_it.o
                0x00000000080024ae                PendSV_Handler
 .text.SysTick_Handler
                0x00000000080024b8        0xe ./Core/Src/stm32l0xx_it.o
                0x00000000080024b8                SysTick_Handler
 *fill*         0x00000000080024c6        0x2 
 .text.TIM2_IRQHandler
                0x00000000080024c8       0x48 ./Core/Src/stm32l0xx_it.o
                0x00000000080024c8                TIM2_IRQHandler
 .text.USART2_IRQHandler
                0x0000000008002510       0x18 ./Core/Src/stm32l0xx_it.o
                0x0000000008002510                USART2_IRQHandler
 .text.SystemInit
                0x0000000008002528        0xa ./Core/Src/system_stm32l0xx.o
                0x0000000008002528                SystemInit
 *fill*         0x0000000008002532        0x2 
 .text.Reset_Handler
                0x0000000008002534       0x80 ./Core/Startup/startup_stm32l010f4px.o
                0x0000000008002534                Reset_Handler
 .text.Default_Handler
                0x00000000080025b4        0x2 ./Core/Startup/startup_stm32l010f4px.o
                0x00000000080025b4                LPTIM1_IRQHandler
                0x00000000080025b4                SPI1_IRQHandler
                0x00000000080025b4                EXTI2_3_IRQHandler
                0x00000000080025b4                ADC1_IRQHandler
                0x00000000080025b4                RTC_IRQHandler
                0x00000000080025b4                EXTI4_15_IRQHandler
                0x00000000080025b4                RCC_IRQHandler
                0x00000000080025b4                DMA1_Channel1_IRQHandler
                0x00000000080025b4                Default_Handler
                0x00000000080025b4                DMA1_Channel4_5_IRQHandler
                0x00000000080025b4                EXTI0_1_IRQHandler
                0x00000000080025b4                TIM21_IRQHandler
                0x00000000080025b4                WWDG_IRQHandler
                0x00000000080025b4                LPUART1_IRQHandler
                0x00000000080025b4                DMA1_Channel2_3_IRQHandler
                0x00000000080025b4                FLASH_IRQHandler
                0x00000000080025b4                I2C1_IRQHandler
 *fill*         0x00000000080025b6        0x2 
 .text.HAL_Init
                0x00000000080025b8       0x40 ./Drivers/STM32L0xx_HAL_Driver/Src/stm32l0xx_hal.o
                0x00000000080025b8                HAL_Init
 .text.HAL_InitTick
                0x00000000080025f8       0x68 ./Drivers/STM32L0xx_HAL_Driver/Src/stm32l0xx_hal.o
                0x00000000080025f8                HAL_InitTick
 .text.HAL_IncTick
                0x0000000008002660       0x24 ./Drivers/STM32L0xx_HAL_Driver/Src/stm32l0xx_hal.o
                0x0000000008002660                HAL_IncTick
 .text.HAL_GetTick
                0x0000000008002684       0x14 ./Drivers/STM32L0xx_HAL_Driver/Src/stm32l0xx_hal.o
                0x0000000008002684                HAL_GetTick
 .text.HAL_Delay
                0x0000000008002698       0x48 ./Drivers/STM32L0xx_HAL_Driver/Src/stm32l0xx_hal.o
                0x0000000008002698                HAL_Delay
 .text.HAL_ADC_Init
                0x00000000080026e0      0x2e8 ./Drivers/STM32L0xx_HAL_Driver/Src/stm32l0xx_hal_adc.o
                0x00000000080026e0                HAL_ADC_Init
 .text.HAL_ADC_ConfigChannel
                0x00000000080029c8       0xd0 ./Drivers/STM32L0xx_HAL_Driver/Src/stm32l0xx_hal_adc.o
                0x00000000080029c8                HAL_ADC_ConfigChannel
 .text.__NVIC_EnableIRQ
                0x0000000008002a98       0x34 ./Drivers/STM32L0xx_HAL_Driver/Src/stm32l0xx_hal_cortex.o
 .text.__NVIC_SetPriority
                0x0000000008002acc       0xdc ./Drivers/STM32L0xx_HAL_Driver/Src/stm32l0xx_hal_cortex.o
 .text.SysTick_Config
                0x0000000008002ba8       0x48 ./Drivers/STM32L0xx_HAL_Driver/Src/stm32l0xx_hal_cortex.o
 .text.HAL_NVIC_SetPriority
                0x0000000008002bf0       0x2a ./Drivers/STM32L0xx_HAL_Driver/Src/stm32l0xx_hal_cortex.o
                0x0000000008002bf0                HAL_NVIC_SetPriority
 .text.HAL_NVIC_EnableIRQ
                0x0000000008002c1a       0x20 ./Drivers/STM32L0xx_HAL_Driver/Src/stm32l0xx_hal_cortex.o
                0x0000000008002c1a                HAL_NVIC_EnableIRQ
 .text.HAL_SYSTICK_Config
                0x0000000008002c3a       0x1a ./Drivers/STM32L0xx_HAL_Driver/Src/stm32l0xx_hal_cortex.o
                0x0000000008002c3a                HAL_SYSTICK_Config
 .text.HAL_DMA_Abort
                0x0000000008002c54       0x80 ./Drivers/STM32L0xx_HAL_Driver/Src/stm32l0xx_hal_dma.o
                0x0000000008002c54                HAL_DMA_Abort
 .text.HAL_DMA_Abort_IT
                0x0000000008002cd4       0x8e ./Drivers/STM32L0xx_HAL_Driver/Src/stm32l0xx_hal_dma.o
                0x0000000008002cd4                HAL_DMA_Abort_IT
 *fill*         0x0000000008002d62        0x2 
 .text.HAL_GPIO_Init
                0x0000000008002d64      0x2cc ./Drivers/STM32L0xx_HAL_Driver/Src/stm32l0xx_hal_gpio.o
                0x0000000008002d64                HAL_GPIO_Init
 .text.HAL_RCC_OscConfig
                0x0000000008003030      0x6f8 ./Drivers/STM32L0xx_HAL_Driver/Src/stm32l0xx_hal_rcc.o
                0x0000000008003030                HAL_RCC_OscConfig
 .text.HAL_RCC_ClockConfig
                0x0000000008003728      0x290 ./Drivers/STM32L0xx_HAL_Driver/Src/stm32l0xx_hal_rcc.o
                0x0000000008003728                HAL_RCC_ClockConfig
 .text.HAL_RCC_GetSysClockFreq
                0x00000000080039b8      0x14c ./Drivers/STM32L0xx_HAL_Driver/Src/stm32l0xx_hal_rcc.o
                0x00000000080039b8                HAL_RCC_GetSysClockFreq
 .text.HAL_RCC_GetHCLKFreq
                0x0000000008003b04       0x14 ./Drivers/STM32L0xx_HAL_Driver/Src/stm32l0xx_hal_rcc.o
                0x0000000008003b04                HAL_RCC_GetHCLKFreq
 .text.HAL_RCC_GetPCLK1Freq
                0x0000000008003b18       0x2c ./Drivers/STM32L0xx_HAL_Driver/Src/stm32l0xx_hal_rcc.o
                0x0000000008003b18                HAL_RCC_GetPCLK1Freq
 .text.HAL_RCC_GetPCLK2Freq
                0x0000000008003b44       0x2c ./Drivers/STM32L0xx_HAL_Driver/Src/stm32l0xx_hal_rcc.o
                0x0000000008003b44                HAL_RCC_GetPCLK2Freq
 .text.HAL_RCCEx_PeriphCLKConfig
                0x0000000008003b70      0x24c ./Drivers/STM32L0xx_HAL_Driver/Src/stm32l0xx_hal_rcc_ex.o
                0x0000000008003b70                HAL_RCCEx_PeriphCLKConfig
 .text.HAL_UART_Init
                0x0000000008003dbc       0xa8 ./Drivers/STM32L0xx_HAL_Driver/Src/stm32l0xx_hal_uart.o
                0x0000000008003dbc                HAL_UART_Init
 .text.HAL_UART_IRQHandler
                0x0000000008003e64      0x5b4 ./Drivers/STM32L0xx_HAL_Driver/Src/stm32l0xx_hal_uart.o
                0x0000000008003e64                HAL_UART_IRQHandler
 .text.HAL_UART_TxCpltCallback
                0x0000000008004418       0x10 ./Drivers/STM32L0xx_HAL_Driver/Src/stm32l0xx_hal_uart.o
                0x0000000008004418                HAL_UART_TxCpltCallback
 .text.HAL_UART_ErrorCallback
                0x0000000008004428       0x10 ./Drivers/STM32L0xx_HAL_Driver/Src/stm32l0xx_hal_uart.o
                0x0000000008004428                HAL_UART_ErrorCallback
 .text.HAL_UARTEx_RxEventCallback
                0x0000000008004438       0x16 ./Drivers/STM32L0xx_HAL_Driver/Src/stm32l0xx_hal_uart.o
                0x0000000008004438                HAL_UARTEx_RxEventCallback
 *fill*         0x000000000800444e        0x2 
 .text.UART_SetConfig
                0x0000000008004450      0x4c4 ./Drivers/STM32L0xx_HAL_Driver/Src/stm32l0xx_hal_uart.o
                0x0000000008004450                UART_SetConfig
 .text.UART_AdvFeatureConfig
                0x0000000008004914      0x168 ./Drivers/STM32L0xx_HAL_Driver/Src/stm32l0xx_hal_uart.o
                0x0000000008004914                UART_AdvFeatureConfig
 .text.UART_CheckIdleState
                0x0000000008004a7c       0x90 ./Drivers/STM32L0xx_HAL_Driver/Src/stm32l0xx_hal_uart.o
                0x0000000008004a7c                UART_CheckIdleState
 .text.UART_WaitOnFlagUntilTimeout
                0x0000000008004b0c      0x188 ./Drivers/STM32L0xx_HAL_Driver/Src/stm32l0xx_hal_uart.o
                0x0000000008004b0c                UART_WaitOnFlagUntilTimeout
 .text.UART_EndRxTransfer
                0x0000000008004c94       0xc4 ./Drivers/STM32L0xx_HAL_Driver/Src/stm32l0xx_hal_uart.o
 .text.UART_DMAAbortOnError
                0x0000000008004d58       0x2e ./Drivers/STM32L0xx_HAL_Driver/Src/stm32l0xx_hal_uart.o
 .text.UART_EndTransmit_IT
                0x0000000008004d86       0x56 ./Drivers/STM32L0xx_HAL_Driver/Src/stm32l0xx_hal_uart.o
 .text.HAL_UARTEx_WakeupCallback
                0x0000000008004ddc       0x10 ./Drivers/STM32L0xx_HAL_Driver/Src/stm32l0xx_hal_uart_ex.o
                0x0000000008004ddc                HAL_UARTEx_WakeupCallback
 .text.LL_GPIO_SetPinMode
                0x0000000008004dec       0x38 ./Drivers/STM32L0xx_HAL_Driver/Src/stm32l0xx_ll_gpio.o
 .text.LL_GPIO_SetPinOutputType
                0x0000000008004e24       0x2a ./Drivers/STM32L0xx_HAL_Driver/Src/stm32l0xx_ll_gpio.o
 .text.LL_GPIO_SetPinSpeed
                0x0000000008004e4e       0x38 ./Drivers/STM32L0xx_HAL_Driver/Src/stm32l0xx_ll_gpio.o
 .text.LL_GPIO_SetPinPull
                0x0000000008004e86       0x38 ./Drivers/STM32L0xx_HAL_Driver/Src/stm32l0xx_ll_gpio.o
 .text.LL_GPIO_SetAFPin_0_7
                0x0000000008004ebe       0x46 ./Drivers/STM32L0xx_HAL_Driver/Src/stm32l0xx_ll_gpio.o
 .text.LL_GPIO_SetAFPin_8_15
                0x0000000008004f04       0x5a ./Drivers/STM32L0xx_HAL_Driver/Src/stm32l0xx_ll_gpio.o
 .text.LL_GPIO_Init
                0x0000000008004f5e       0xbc ./Drivers/STM32L0xx_HAL_Driver/Src/stm32l0xx_ll_gpio.o
                0x0000000008004f5e                LL_GPIO_Init
 .text.LL_TIM_SetPrescaler
                0x000000000800501a       0x18 ./Drivers/STM32L0xx_HAL_Driver/Src/stm32l0xx_ll_tim.o
 .text.LL_TIM_SetAutoReload
                0x0000000008005032       0x18 ./Drivers/STM32L0xx_HAL_Driver/Src/stm32l0xx_ll_tim.o
 .text.LL_TIM_OC_SetCompareCH1
                0x000000000800504a       0x18 ./Drivers/STM32L0xx_HAL_Driver/Src/stm32l0xx_ll_tim.o
 .text.LL_TIM_OC_SetCompareCH2
                0x0000000008005062       0x18 ./Drivers/STM32L0xx_HAL_Driver/Src/stm32l0xx_ll_tim.o
 .text.LL_TIM_OC_SetCompareCH3
                0x000000000800507a       0x18 ./Drivers/STM32L0xx_HAL_Driver/Src/stm32l0xx_ll_tim.o
 .text.LL_TIM_OC_SetCompareCH4
                0x0000000008005092       0x18 ./Drivers/STM32L0xx_HAL_Driver/Src/stm32l0xx_ll_tim.o
 .text.LL_TIM_GenerateEvent_UPDATE
                0x00000000080050aa       0x1c ./Drivers/STM32L0xx_HAL_Driver/Src/stm32l0xx_ll_tim.o
 *fill*         0x00000000080050c6        0x2 
 .text.LL_TIM_Init
                0x00000000080050c8       0x90 ./Drivers/STM32L0xx_HAL_Driver/Src/stm32l0xx_ll_tim.o
                0x00000000080050c8                LL_TIM_Init
 .text.LL_TIM_OC_Init
                0x0000000008005158       0xb2 ./Drivers/STM32L0xx_HAL_Driver/Src/stm32l0xx_ll_tim.o
                0x0000000008005158                LL_TIM_OC_Init
 .text.OC1Config
                0x000000000800520a       0x8c ./Drivers/STM32L0xx_HAL_Driver/Src/stm32l0xx_ll_tim.o
 *fill*         0x0000000008005296        0x2 
 .text.OC2Config
                0x0000000008005298       0x98 ./Drivers/STM32L0xx_HAL_Driver/Src/stm32l0xx_ll_tim.o
 .text.OC3Config
                0x0000000008005330       0x94 ./Drivers/STM32L0xx_HAL_Driver/Src/stm32l0xx_ll_tim.o
 .text.OC4Config
                0x00000000080053c4       0x9c ./Drivers/STM32L0xx_HAL_Driver/Src/stm32l0xx_ll_tim.o
 .text.__libc_init_array
                0x0000000008005460       0x48 /Applications/STM32CubeIDE.app/Contents/Eclipse/plugins/com.st.stm32cube.ide.mcu.externaltools.gnu-tools-for-stm32.9-2020-q2-update.macos64_2.0.0.202105311346/tools/bin/../lib/gcc/arm-none-eabi/9.3.1/../../../../arm-none-eabi/lib/thumb/v6-m/nofp/libc_nano.a(lib_a-init.o)
                0x0000000008005460                __libc_init_array
 .text.memset   0x00000000080054a8       0x10 /Applications/STM32CubeIDE.app/Contents/Eclipse/plugins/com.st.stm32cube.ide.mcu.externaltools.gnu-tools-for-stm32.9-2020-q2-update.macos64_2.0.0.202105311346/tools/bin/../lib/gcc/arm-none-eabi/9.3.1/../../../../arm-none-eabi/lib/thumb/v6-m/nofp/libc_nano.a(lib_a-memset.o)
                0x00000000080054a8                memset
 *(.glue_7)
 .glue_7        0x00000000080054b8        0x0 linker stubs
 *(.glue_7t)
 .glue_7t       0x00000000080054b8        0x0 linker stubs
 *(.eh_frame)
 .eh_frame      0x00000000080054b8        0x0 /Applications/STM32CubeIDE.app/Contents/Eclipse/plugins/com.st.stm32cube.ide.mcu.externaltools.gnu-tools-for-stm32.9-2020-q2-update.macos64_2.0.0.202105311346/tools/bin/../lib/gcc/arm-none-eabi/9.3.1/thumb/v6-m/nofp/crtbegin.o
 *(.init)
 .init          0x00000000080054b8        0x4 /Applications/STM32CubeIDE.app/Contents/Eclipse/plugins/com.st.stm32cube.ide.mcu.externaltools.gnu-tools-for-stm32.9-2020-q2-update.macos64_2.0.0.202105311346/tools/bin/../lib/gcc/arm-none-eabi/9.3.1/thumb/v6-m/nofp/crti.o
                0x00000000080054b8                _init
 .init          0x00000000080054bc        0x8 /Applications/STM32CubeIDE.app/Contents/Eclipse/plugins/com.st.stm32cube.ide.mcu.externaltools.gnu-tools-for-stm32.9-2020-q2-update.macos64_2.0.0.202105311346/tools/bin/../lib/gcc/arm-none-eabi/9.3.1/thumb/v6-m/nofp/crtn.o
 *(.fini)
 .fini          0x00000000080054c4        0x4 /Applications/STM32CubeIDE.app/Contents/Eclipse/plugins/com.st.stm32cube.ide.mcu.externaltools.gnu-tools-for-stm32.9-2020-q2-update.macos64_2.0.0.202105311346/tools/bin/../lib/gcc/arm-none-eabi/9.3.1/thumb/v6-m/nofp/crti.o
                0x00000000080054c4                _fini
 .fini          0x00000000080054c8        0x8 /Applications/STM32CubeIDE.app/Contents/Eclipse/plugins/com.st.stm32cube.ide.mcu.externaltools.gnu-tools-for-stm32.9-2020-q2-update.macos64_2.0.0.202105311346/tools/bin/../lib/gcc/arm-none-eabi/9.3.1/thumb/v6-m/nofp/crtn.o
                0x00000000080054d0                . = ALIGN (0x4)
                0x00000000080054d0                _etext = .

.vfp11_veneer   0x00000000080054d0        0x0
 .vfp11_veneer  0x00000000080054d0        0x0 linker stubs

.v4_bx          0x00000000080054d0        0x0
 .v4_bx         0x00000000080054d0        0x0 linker stubs

.iplt           0x00000000080054d0        0x0
 .iplt          0x00000000080054d0        0x0 /Applications/STM32CubeIDE.app/Contents/Eclipse/plugins/com.st.stm32cube.ide.mcu.externaltools.gnu-tools-for-stm32.9-2020-q2-update.macos64_2.0.0.202105311346/tools/bin/../lib/gcc/arm-none-eabi/9.3.1/thumb/v6-m/nofp/crtbegin.o

.rodata         0x00000000080054d0       0xbc
                0x00000000080054d0                . = ALIGN (0x4)
 *(.rodata)
 .rodata        0x00000000080054d0       0x40 /Applications/STM32CubeIDE.app/Contents/Eclipse/plugins/com.st.stm32cube.ide.mcu.externaltools.gnu-tools-for-stm32.9-2020-q2-update.macos64_2.0.0.202105311346/tools/bin/../lib/gcc/arm-none-eabi/9.3.1/thumb/v6-m/nofp/libgcc.a(muldf3.o)
 *(.rodata*)
 .rodata.OFFSET_TAB_CCMRx
                0x0000000008005510        0x7 ./Core/Src/main.o
 *fill*         0x0000000008005517        0x1 
 .rodata.SHIFT_TAB_OCxx
                0x0000000008005518        0x7 ./Core/Src/main.o
 *fill*         0x000000000800551f        0x1 
 .rodata.AHBPrescTable
                0x0000000008005520       0x10 ./Core/Src/system_stm32l0xx.o
                0x0000000008005520                AHBPrescTable
 .rodata.APBPrescTable
                0x0000000008005530        0x8 ./Core/Src/system_stm32l0xx.o
                0x0000000008005530                APBPrescTable
 .rodata.PLLMulTable
                0x0000000008005538        0x9 ./Core/Src/system_stm32l0xx.o
                0x0000000008005538                PLLMulTable
 *fill*         0x0000000008005541        0x3 
 .rodata.UART_SetConfig
                0x0000000008005544       0x48 ./Drivers/STM32L0xx_HAL_Driver/Src/stm32l0xx_hal_uart.o
                0x000000000800558c                . = ALIGN (0x4)

.ARM.extab      0x000000000800558c        0x0
                0x000000000800558c                . = ALIGN (0x4)
 *(.ARM.extab* .gnu.linkonce.armextab.*)
                0x000000000800558c                . = ALIGN (0x4)

.ARM            0x000000000800558c        0x8
                0x000000000800558c                . = ALIGN (0x4)
                0x000000000800558c                __exidx_start = .
 *(.ARM.exidx*)
 .ARM.exidx     0x000000000800558c        0x8 /Applications/STM32CubeIDE.app/Contents/Eclipse/plugins/com.st.stm32cube.ide.mcu.externaltools.gnu-tools-for-stm32.9-2020-q2-update.macos64_2.0.0.202105311346/tools/bin/../lib/gcc/arm-none-eabi/9.3.1/thumb/v6-m/nofp/libgcc.a(_udivmoddi4.o)
                0x0000000008005594                __exidx_end = .
                0x0000000008005594                . = ALIGN (0x4)

.rel.dyn        0x0000000008005594        0x0
 .rel.iplt      0x0000000008005594        0x0 /Applications/STM32CubeIDE.app/Contents/Eclipse/plugins/com.st.stm32cube.ide.mcu.externaltools.gnu-tools-for-stm32.9-2020-q2-update.macos64_2.0.0.202105311346/tools/bin/../lib/gcc/arm-none-eabi/9.3.1/thumb/v6-m/nofp/crtbegin.o

.preinit_array  0x0000000008005594        0x0
                0x0000000008005594                . = ALIGN (0x4)
                0x0000000008005594                PROVIDE (__preinit_array_start = .)
 *(.preinit_array*)
                0x0000000008005594                PROVIDE (__preinit_array_end = .)
                0x0000000008005594                . = ALIGN (0x4)

.init_array     0x0000000008005594        0x4
                0x0000000008005594                . = ALIGN (0x4)
                0x0000000008005594                PROVIDE (__init_array_start = .)
 *(SORT_BY_NAME(.init_array.*))
 *(.init_array*)
 .init_array    0x0000000008005594        0x4 /Applications/STM32CubeIDE.app/Contents/Eclipse/plugins/com.st.stm32cube.ide.mcu.externaltools.gnu-tools-for-stm32.9-2020-q2-update.macos64_2.0.0.202105311346/tools/bin/../lib/gcc/arm-none-eabi/9.3.1/thumb/v6-m/nofp/crtbegin.o
                0x0000000008005598                PROVIDE (__init_array_end = .)
                0x0000000008005598                . = ALIGN (0x4)

.fini_array     0x0000000008005598        0x4
                0x0000000008005598                . = ALIGN (0x4)
                [!provide]                        PROVIDE (__fini_array_start = .)
 *(SORT_BY_NAME(.fini_array.*))
 *(.fini_array*)
 .fini_array    0x0000000008005598        0x4 /Applications/STM32CubeIDE.app/Contents/Eclipse/plugins/com.st.stm32cube.ide.mcu.externaltools.gnu-tools-for-stm32.9-2020-q2-update.macos64_2.0.0.202105311346/tools/bin/../lib/gcc/arm-none-eabi/9.3.1/thumb/v6-m/nofp/crtbegin.o
                [!provide]                        PROVIDE (__fini_array_end = .)
                0x000000000800559c                . = ALIGN (0x4)
                0x000000000800559c                _sidata = LOADADDR (.data)

.data           0x0000000020000000       0x8c load address 0x000000000800559c
                0x0000000020000000                . = ALIGN (0x4)
                0x0000000020000000                _sdata = .
 *(.data)
 *(.data*)
 .data.waveTable
                0x0000000020000000       0x80 ./Core/Src/main.o
                0x0000000020000000                waveTable
 .data.SystemCoreClock
                0x0000000020000080        0x4 ./Core/Src/system_stm32l0xx.o
                0x0000000020000080                SystemCoreClock
 .data.uwTickPrio
                0x0000000020000084        0x4 ./Drivers/STM32L0xx_HAL_Driver/Src/stm32l0xx_hal.o
                0x0000000020000084                uwTickPrio
 .data.uwTickFreq
                0x0000000020000088        0x1 ./Drivers/STM32L0xx_HAL_Driver/Src/stm32l0xx_hal.o
                0x0000000020000088                uwTickFreq
 *(.RamFunc)
 *(.RamFunc*)
                0x000000002000008c                . = ALIGN (0x4)
 *fill*         0x0000000020000089        0x3 
                0x000000002000008c                _edata = .

.igot.plt       0x000000002000008c        0x0 load address 0x0000000008005628
 .igot.plt      0x000000002000008c        0x0 /Applications/STM32CubeIDE.app/Contents/Eclipse/plugins/com.st.stm32cube.ide.mcu.externaltools.gnu-tools-for-stm32.9-2020-q2-update.macos64_2.0.0.202105311346/tools/bin/../lib/gcc/arm-none-eabi/9.3.1/thumb/v6-m/nofp/crtbegin.o
                0x000000002000008c                . = ALIGN (0x4)

.bss            0x000000002000008c      0x104 load address 0x0000000008005628
                0x000000002000008c                _sbss = .
                0x000000002000008c                __bss_start__ = _sbss
 *(.bss)
 .bss           0x000000002000008c       0x1c /Applications/STM32CubeIDE.app/Contents/Eclipse/plugins/com.st.stm32cube.ide.mcu.externaltools.gnu-tools-for-stm32.9-2020-q2-update.macos64_2.0.0.202105311346/tools/bin/../lib/gcc/arm-none-eabi/9.3.1/thumb/v6-m/nofp/crtbegin.o
 *(.bss*)
 .bss.toggle.7683
                0x00000000200000a8        0x4 ./Core/Src/stm32l0xx_it.o
 *(COMMON)
 COMMON         0x00000000200000ac       0xe0 ./Core/Src/main.o
                0x00000000200000ac                huart2
                0x0000000020000130                hadc
 COMMON         0x000000002000018c        0x4 ./Drivers/STM32L0xx_HAL_Driver/Src/stm32l0xx_hal.o
                0x000000002000018c                uwTick
                0x0000000020000190                . = ALIGN (0x4)
                0x0000000020000190                _ebss = .
                0x0000000020000190                __bss_end__ = _ebss

._user_heap_stack
                0x0000000020000190      0x600 load address 0x0000000008005628
                0x0000000020000190                . = ALIGN (0x8)
                [!provide]                        PROVIDE (end = .)
                0x0000000020000190                PROVIDE (_end = .)
                0x0000000020000390                . = (. + _Min_Heap_Size)
 *fill*         0x0000000020000190      0x200 
                0x0000000020000790                . = (. + _Min_Stack_Size)
 *fill*         0x0000000020000390      0x400 
                0x0000000020000790                . = ALIGN (0x8)

/DISCARD/
 libc.a(*)
 libm.a(*)
 libgcc.a(*)

.ARM.attributes
                0x0000000000000000       0x28
 *(.ARM.attributes)
 .ARM.attributes
                0x0000000000000000       0x1e /Applications/STM32CubeIDE.app/Contents/Eclipse/plugins/com.st.stm32cube.ide.mcu.externaltools.gnu-tools-for-stm32.9-2020-q2-update.macos64_2.0.0.202105311346/tools/bin/../lib/gcc/arm-none-eabi/9.3.1/thumb/v6-m/nofp/crti.o
 .ARM.attributes
                0x000000000000001e       0x2c /Applications/STM32CubeIDE.app/Contents/Eclipse/plugins/com.st.stm32cube.ide.mcu.externaltools.gnu-tools-for-stm32.9-2020-q2-update.macos64_2.0.0.202105311346/tools/bin/../lib/gcc/arm-none-eabi/9.3.1/thumb/v6-m/nofp/crtbegin.o
 .ARM.attributes
                0x000000000000004a       0x2c ./Core/Src/main.o
 .ARM.attributes
                0x0000000000000076       0x2c ./Core/Src/stm32l0xx_hal_msp.o
 .ARM.attributes
                0x00000000000000a2       0x2c ./Core/Src/stm32l0xx_it.o
 .ARM.attributes
                0x00000000000000ce       0x2c ./Core/Src/system_stm32l0xx.o
 .ARM.attributes
                0x00000000000000fa       0x22 ./Core/Startup/startup_stm32l010f4px.o
 .ARM.attributes
                0x000000000000011c       0x2c ./Drivers/STM32L0xx_HAL_Driver/Src/stm32l0xx_hal.o
 .ARM.attributes
                0x0000000000000148       0x2c ./Drivers/STM32L0xx_HAL_Driver/Src/stm32l0xx_hal_adc.o
 .ARM.attributes
                0x0000000000000174       0x2c ./Drivers/STM32L0xx_HAL_Driver/Src/stm32l0xx_hal_cortex.o
 .ARM.attributes
                0x00000000000001a0       0x2c ./Drivers/STM32L0xx_HAL_Driver/Src/stm32l0xx_hal_dma.o
 .ARM.attributes
                0x00000000000001cc       0x2c ./Drivers/STM32L0xx_HAL_Driver/Src/stm32l0xx_hal_gpio.o
 .ARM.attributes
                0x00000000000001f8       0x2c ./Drivers/STM32L0xx_HAL_Driver/Src/stm32l0xx_hal_rcc.o
 .ARM.attributes
                0x0000000000000224       0x2c ./Drivers/STM32L0xx_HAL_Driver/Src/stm32l0xx_hal_rcc_ex.o
 .ARM.attributes
                0x0000000000000250       0x2c ./Drivers/STM32L0xx_HAL_Driver/Src/stm32l0xx_hal_uart.o
 .ARM.attributes
                0x000000000000027c       0x2c ./Drivers/STM32L0xx_HAL_Driver/Src/stm32l0xx_hal_uart_ex.o
 .ARM.attributes
                0x00000000000002a8       0x2c ./Drivers/STM32L0xx_HAL_Driver/Src/stm32l0xx_ll_gpio.o
 .ARM.attributes
                0x00000000000002d4       0x2c ./Drivers/STM32L0xx_HAL_Driver/Src/stm32l0xx_ll_tim.o
 .ARM.attributes
                0x0000000000000300       0x2c /Applications/STM32CubeIDE.app/Contents/Eclipse/plugins/com.st.stm32cube.ide.mcu.externaltools.gnu-tools-for-stm32.9-2020-q2-update.macos64_2.0.0.202105311346/tools/bin/../lib/gcc/arm-none-eabi/9.3.1/../../../../arm-none-eabi/lib/thumb/v6-m/nofp/libc_nano.a(lib_a-init.o)
 .ARM.attributes
                0x000000000000032c       0x2c /Applications/STM32CubeIDE.app/Contents/Eclipse/plugins/com.st.stm32cube.ide.mcu.externaltools.gnu-tools-for-stm32.9-2020-q2-update.macos64_2.0.0.202105311346/tools/bin/../lib/gcc/arm-none-eabi/9.3.1/../../../../arm-none-eabi/lib/thumb/v6-m/nofp/libc_nano.a(lib_a-memset.o)
 .ARM.attributes
                0x0000000000000358       0x1e /Applications/STM32CubeIDE.app/Contents/Eclipse/plugins/com.st.stm32cube.ide.mcu.externaltools.gnu-tools-for-stm32.9-2020-q2-update.macos64_2.0.0.202105311346/tools/bin/../lib/gcc/arm-none-eabi/9.3.1/thumb/v6-m/nofp/libgcc.a(_udivsi3.o)
 .ARM.attributes
                0x0000000000000376       0x1e /Applications/STM32CubeIDE.app/Contents/Eclipse/plugins/com.st.stm32cube.ide.mcu.externaltools.gnu-tools-for-stm32.9-2020-q2-update.macos64_2.0.0.202105311346/tools/bin/../lib/gcc/arm-none-eabi/9.3.1/thumb/v6-m/nofp/libgcc.a(_dvmd_tls.o)
 .ARM.attributes
                0x0000000000000394       0x1e /Applications/STM32CubeIDE.app/Contents/Eclipse/plugins/com.st.stm32cube.ide.mcu.externaltools.gnu-tools-for-stm32.9-2020-q2-update.macos64_2.0.0.202105311346/tools/bin/../lib/gcc/arm-none-eabi/9.3.1/thumb/v6-m/nofp/libgcc.a(_aeabi_uldivmod.o)
 .ARM.attributes
                0x00000000000003b2       0x2c /Applications/STM32CubeIDE.app/Contents/Eclipse/plugins/com.st.stm32cube.ide.mcu.externaltools.gnu-tools-for-stm32.9-2020-q2-update.macos64_2.0.0.202105311346/tools/bin/../lib/gcc/arm-none-eabi/9.3.1/thumb/v6-m/nofp/libgcc.a(_muldi3.o)
 .ARM.attributes
                0x00000000000003de       0x2c /Applications/STM32CubeIDE.app/Contents/Eclipse/plugins/com.st.stm32cube.ide.mcu.externaltools.gnu-tools-for-stm32.9-2020-q2-update.macos64_2.0.0.202105311346/tools/bin/../lib/gcc/arm-none-eabi/9.3.1/thumb/v6-m/nofp/libgcc.a(_fixunsdfsi.o)
 .ARM.attributes
                0x000000000000040a       0x2c /Applications/STM32CubeIDE.app/Contents/Eclipse/plugins/com.st.stm32cube.ide.mcu.externaltools.gnu-tools-for-stm32.9-2020-q2-update.macos64_2.0.0.202105311346/tools/bin/../lib/gcc/arm-none-eabi/9.3.1/thumb/v6-m/nofp/libgcc.a(_udivmoddi4.o)
 .ARM.attributes
                0x0000000000000436       0x2c /Applications/STM32CubeIDE.app/Contents/Eclipse/plugins/com.st.stm32cube.ide.mcu.externaltools.gnu-tools-for-stm32.9-2020-q2-update.macos64_2.0.0.202105311346/tools/bin/../lib/gcc/arm-none-eabi/9.3.1/thumb/v6-m/nofp/libgcc.a(muldf3.o)
 .ARM.attributes
                0x0000000000000462       0x2c /Applications/STM32CubeIDE.app/Contents/Eclipse/plugins/com.st.stm32cube.ide.mcu.externaltools.gnu-tools-for-stm32.9-2020-q2-update.macos64_2.0.0.202105311346/tools/bin/../lib/gcc/arm-none-eabi/9.3.1/thumb/v6-m/nofp/libgcc.a(subdf3.o)
 .ARM.attributes
                0x000000000000048e       0x2c /Applications/STM32CubeIDE.app/Contents/Eclipse/plugins/com.st.stm32cube.ide.mcu.externaltools.gnu-tools-for-stm32.9-2020-q2-update.macos64_2.0.0.202105311346/tools/bin/../lib/gcc/arm-none-eabi/9.3.1/thumb/v6-m/nofp/libgcc.a(fixdfsi.o)
 .ARM.attributes
                0x00000000000004ba       0x2c /Applications/STM32CubeIDE.app/Contents/Eclipse/plugins/com.st.stm32cube.ide.mcu.externaltools.gnu-tools-for-stm32.9-2020-q2-update.macos64_2.0.0.202105311346/tools/bin/../lib/gcc/arm-none-eabi/9.3.1/thumb/v6-m/nofp/libgcc.a(floatsidf.o)
 .ARM.attributes
                0x00000000000004e6       0x1e /Applications/STM32CubeIDE.app/Contents/Eclipse/plugins/com.st.stm32cube.ide.mcu.externaltools.gnu-tools-for-stm32.9-2020-q2-update.macos64_2.0.0.202105311346/tools/bin/../lib/gcc/arm-none-eabi/9.3.1/thumb/v6-m/nofp/libgcc.a(_arm_cmpdf2.o)
 .ARM.attributes
                0x0000000000000504       0x1e /Applications/STM32CubeIDE.app/Contents/Eclipse/plugins/com.st.stm32cube.ide.mcu.externaltools.gnu-tools-for-stm32.9-2020-q2-update.macos64_2.0.0.202105311346/tools/bin/../lib/gcc/arm-none-eabi/9.3.1/thumb/v6-m/nofp/libgcc.a(_clzsi2.o)
 .ARM.attributes
                0x0000000000000522       0x1e /Applications/STM32CubeIDE.app/Contents/Eclipse/plugins/com.st.stm32cube.ide.mcu.externaltools.gnu-tools-for-stm32.9-2020-q2-update.macos64_2.0.0.202105311346/tools/bin/../lib/gcc/arm-none-eabi/9.3.1/thumb/v6-m/nofp/libgcc.a(_clzdi2.o)
 .ARM.attributes
                0x0000000000000540       0x2c /Applications/STM32CubeIDE.app/Contents/Eclipse/plugins/com.st.stm32cube.ide.mcu.externaltools.gnu-tools-for-stm32.9-2020-q2-update.macos64_2.0.0.202105311346/tools/bin/../lib/gcc/arm-none-eabi/9.3.1/thumb/v6-m/nofp/libgcc.a(eqdf2.o)
 .ARM.attributes
                0x000000000000056c       0x2c /Applications/STM32CubeIDE.app/Contents/Eclipse/plugins/com.st.stm32cube.ide.mcu.externaltools.gnu-tools-for-stm32.9-2020-q2-update.macos64_2.0.0.202105311346/tools/bin/../lib/gcc/arm-none-eabi/9.3.1/thumb/v6-m/nofp/libgcc.a(gedf2.o)
 .ARM.attributes
                0x0000000000000598       0x2c /Applications/STM32CubeIDE.app/Contents/Eclipse/plugins/com.st.stm32cube.ide.mcu.externaltools.gnu-tools-for-stm32.9-2020-q2-update.macos64_2.0.0.202105311346/tools/bin/../lib/gcc/arm-none-eabi/9.3.1/thumb/v6-m/nofp/libgcc.a(ledf2.o)
 .ARM.attributes
                0x00000000000005c4       0x1e /Applications/STM32CubeIDE.app/Contents/Eclipse/plugins/com.st.stm32cube.ide.mcu.externaltools.gnu-tools-for-stm32.9-2020-q2-update.macos64_2.0.0.202105311346/tools/bin/../lib/gcc/arm-none-eabi/9.3.1/thumb/v6-m/nofp/crtn.o
OUTPUT(ESC-LL001.elf elf32-littlearm)
LOAD linker stubs
LOAD /Applications/STM32CubeIDE.app/Contents/Eclipse/plugins/com.st.stm32cube.ide.mcu.externaltools.gnu-tools-for-stm32.9-2020-q2-update.macos64_2.0.0.202105311346/tools/bin/../lib/gcc/arm-none-eabi/9.3.1/../../../../arm-none-eabi/lib/thumb/v6-m/nofp/libc.a
LOAD /Applications/STM32CubeIDE.app/Contents/Eclipse/plugins/com.st.stm32cube.ide.mcu.externaltools.gnu-tools-for-stm32.9-2020-q2-update.macos64_2.0.0.202105311346/tools/bin/../lib/gcc/arm-none-eabi/9.3.1/../../../../arm-none-eabi/lib/thumb/v6-m/nofp/libm.a
LOAD /Applications/STM32CubeIDE.app/Contents/Eclipse/plugins/com.st.stm32cube.ide.mcu.externaltools.gnu-tools-for-stm32.9-2020-q2-update.macos64_2.0.0.202105311346/tools/bin/../lib/gcc/arm-none-eabi/9.3.1/thumb/v6-m/nofp/libgcc.a

.debug_info     0x0000000000000000     0xcf22
 .debug_info    0x0000000000000000     0x1933 ./Core/Src/main.o
 .debug_info    0x0000000000001933      0xe15 ./Core/Src/stm32l0xx_hal_msp.o
 .debug_info    0x0000000000002748      0x932 ./Core/Src/stm32l0xx_it.o
 .debug_info    0x000000000000307a      0x363 ./Core/Src/system_stm32l0xx.o
 .debug_info    0x00000000000033dd       0x22 ./Core/Startup/startup_stm32l010f4px.o
 .debug_info    0x00000000000033ff      0x8a5 ./Drivers/STM32L0xx_HAL_Driver/Src/stm32l0xx_hal.o
 .debug_info    0x0000000000003ca4      0xe01 ./Drivers/STM32L0xx_HAL_Driver/Src/stm32l0xx_hal_adc.o
 .debug_info    0x0000000000004aa5      0x7b3 ./Drivers/STM32L0xx_HAL_Driver/Src/stm32l0xx_hal_cortex.o
 .debug_info    0x0000000000005258      0x834 ./Drivers/STM32L0xx_HAL_Driver/Src/stm32l0xx_hal_dma.o
 .debug_info    0x0000000000005a8c      0x77c ./Drivers/STM32L0xx_HAL_Driver/Src/stm32l0xx_hal_gpio.o
 .debug_info    0x0000000000006208      0x955 ./Drivers/STM32L0xx_HAL_Driver/Src/stm32l0xx_hal_rcc.o
 .debug_info    0x0000000000006b5d      0x567 ./Drivers/STM32L0xx_HAL_Driver/Src/stm32l0xx_hal_rcc_ex.o
 .debug_info    0x00000000000070c4     0x3ca7 ./Drivers/STM32L0xx_HAL_Driver/Src/stm32l0xx_hal_uart.o
 .debug_info    0x000000000000ad6b      0xdcd ./Drivers/STM32L0xx_HAL_Driver/Src/stm32l0xx_hal_uart_ex.o
 .debug_info    0x000000000000bb38      0x6ad ./Drivers/STM32L0xx_HAL_Driver/Src/stm32l0xx_ll_gpio.o
 .debug_info    0x000000000000c1e5      0xd3d ./Drivers/STM32L0xx_HAL_Driver/Src/stm32l0xx_ll_tim.o

.debug_abbrev   0x0000000000000000     0x2039
 .debug_abbrev  0x0000000000000000      0x303 ./Core/Src/main.o
 .debug_abbrev  0x0000000000000303      0x1bb ./Core/Src/stm32l0xx_hal_msp.o
 .debug_abbrev  0x00000000000004be      0x1e4 ./Core/Src/stm32l0xx_it.o
 .debug_abbrev  0x00000000000006a2      0x145 ./Core/Src/system_stm32l0xx.o
 .debug_abbrev  0x00000000000007e7       0x12 ./Core/Startup/startup_stm32l010f4px.o
 .debug_abbrev  0x00000000000007f9      0x267 ./Drivers/STM32L0xx_HAL_Driver/Src/stm32l0xx_hal.o
 .debug_abbrev  0x0000000000000a60      0x222 ./Drivers/STM32L0xx_HAL_Driver/Src/stm32l0xx_hal_adc.o
 .debug_abbrev  0x0000000000000c82      0x28b ./Drivers/STM32L0xx_HAL_Driver/Src/stm32l0xx_hal_cortex.o
 .debug_abbrev  0x0000000000000f0d      0x1f0 ./Drivers/STM32L0xx_HAL_Driver/Src/stm32l0xx_hal_dma.o
 .debug_abbrev  0x00000000000010fd      0x1e8 ./Drivers/STM32L0xx_HAL_Driver/Src/stm32l0xx_hal_gpio.o
 .debug_abbrev  0x00000000000012e5      0x212 ./Drivers/STM32L0xx_HAL_Driver/Src/stm32l0xx_hal_rcc.o
 .debug_abbrev  0x00000000000014f7      0x1ef ./Drivers/STM32L0xx_HAL_Driver/Src/stm32l0xx_hal_rcc_ex.o
 .debug_abbrev  0x00000000000016e6      0x2c2 ./Drivers/STM32L0xx_HAL_Driver/Src/stm32l0xx_hal_uart.o
 .debug_abbrev  0x00000000000019a8      0x2a0 ./Drivers/STM32L0xx_HAL_Driver/Src/stm32l0xx_hal_uart_ex.o
 .debug_abbrev  0x0000000000001c48      0x1c8 ./Drivers/STM32L0xx_HAL_Driver/Src/stm32l0xx_ll_gpio.o
 .debug_abbrev  0x0000000000001e10      0x229 ./Drivers/STM32L0xx_HAL_Driver/Src/stm32l0xx_ll_tim.o

.debug_aranges  0x0000000000000000      0xa68
 .debug_aranges
                0x0000000000000000      0x100 ./Core/Src/main.o
 .debug_aranges
                0x0000000000000100       0x40 ./Core/Src/stm32l0xx_hal_msp.o
 .debug_aranges
                0x0000000000000140       0x60 ./Core/Src/stm32l0xx_it.o
 .debug_aranges
                0x00000000000001a0       0x28 ./Core/Src/system_stm32l0xx.o
 .debug_aranges
                0x00000000000001c8       0x28 ./Core/Startup/startup_stm32l010f4px.o
 .debug_aranges
                0x00000000000001f0      0x110 ./Drivers/STM32L0xx_HAL_Driver/Src/stm32l0xx_hal.o
 .debug_aranges
                0x0000000000000300      0x100 ./Drivers/STM32L0xx_HAL_Driver/Src/stm32l0xx_hal_adc.o
 .debug_aranges
                0x0000000000000400       0xc0 ./Drivers/STM32L0xx_HAL_Driver/Src/stm32l0xx_hal_cortex.o
 .debug_aranges
                0x00000000000004c0       0x80 ./Drivers/STM32L0xx_HAL_Driver/Src/stm32l0xx_hal_dma.o
 .debug_aranges
                0x0000000000000540       0x58 ./Drivers/STM32L0xx_HAL_Driver/Src/stm32l0xx_hal_gpio.o
 .debug_aranges
                0x0000000000000598       0x68 ./Drivers/STM32L0xx_HAL_Driver/Src/stm32l0xx_hal_rcc.o
 .debug_aranges
                0x0000000000000600       0x58 ./Drivers/STM32L0xx_HAL_Driver/Src/stm32l0xx_hal_rcc_ex.o
 .debug_aranges
                0x0000000000000658      0x228 ./Drivers/STM32L0xx_HAL_Driver/Src/stm32l0xx_hal_uart.o
 .debug_aranges
                0x0000000000000880       0x78 ./Drivers/STM32L0xx_HAL_Driver/Src/stm32l0xx_hal_uart_ex.o
 .debug_aranges
                0x00000000000008f8       0x70 ./Drivers/STM32L0xx_HAL_Driver/Src/stm32l0xx_ll_gpio.o
 .debug_aranges
                0x0000000000000968      0x100 ./Drivers/STM32L0xx_HAL_Driver/Src/stm32l0xx_ll_tim.o

.debug_ranges   0x0000000000000000      0x9a0
 .debug_ranges  0x0000000000000000       0xf0 ./Core/Src/main.o
 .debug_ranges  0x00000000000000f0       0x30 ./Core/Src/stm32l0xx_hal_msp.o
 .debug_ranges  0x0000000000000120       0x50 ./Core/Src/stm32l0xx_it.o
 .debug_ranges  0x0000000000000170       0x18 ./Core/Src/system_stm32l0xx.o
 .debug_ranges  0x0000000000000188       0x20 ./Core/Startup/startup_stm32l010f4px.o
 .debug_ranges  0x00000000000001a8      0x100 ./Drivers/STM32L0xx_HAL_Driver/Src/stm32l0xx_hal.o
 .debug_ranges  0x00000000000002a8       0xf0 ./Drivers/STM32L0xx_HAL_Driver/Src/stm32l0xx_hal_adc.o
 .debug_ranges  0x0000000000000398       0xb0 ./Drivers/STM32L0xx_HAL_Driver/Src/stm32l0xx_hal_cortex.o
 .debug_ranges  0x0000000000000448       0x70 ./Drivers/STM32L0xx_HAL_Driver/Src/stm32l0xx_hal_dma.o
 .debug_ranges  0x00000000000004b8       0x48 ./Drivers/STM32L0xx_HAL_Driver/Src/stm32l0xx_hal_gpio.o
 .debug_ranges  0x0000000000000500       0x58 ./Drivers/STM32L0xx_HAL_Driver/Src/stm32l0xx_hal_rcc.o
 .debug_ranges  0x0000000000000558       0x48 ./Drivers/STM32L0xx_HAL_Driver/Src/stm32l0xx_hal_rcc_ex.o
 .debug_ranges  0x00000000000005a0      0x248 ./Drivers/STM32L0xx_HAL_Driver/Src/stm32l0xx_hal_uart.o
 .debug_ranges  0x00000000000007e8       0x68 ./Drivers/STM32L0xx_HAL_Driver/Src/stm32l0xx_hal_uart_ex.o
 .debug_ranges  0x0000000000000850       0x60 ./Drivers/STM32L0xx_HAL_Driver/Src/stm32l0xx_ll_gpio.o
 .debug_ranges  0x00000000000008b0       0xf0 ./Drivers/STM32L0xx_HAL_Driver/Src/stm32l0xx_ll_tim.o

.debug_macro    0x0000000000000000    0x11f51
 .debug_macro   0x0000000000000000      0x22c ./Core/Src/main.o
 .debug_macro   0x000000000000022c      0xa84 ./Core/Src/main.o
 .debug_macro   0x0000000000000cb0      0x125 ./Core/Src/main.o
 .debug_macro   0x0000000000000dd5       0x2e ./Core/Src/main.o
 .debug_macro   0x0000000000000e03       0x28 ./Core/Src/main.o
 .debug_macro   0x0000000000000e2b       0x22 ./Core/Src/main.o
 .debug_macro   0x0000000000000e4d       0x8e ./Core/Src/main.o
 .debug_macro   0x0000000000000edb       0x51 ./Core/Src/main.o
 .debug_macro   0x0000000000000f2c      0x103 ./Core/Src/main.o
 .debug_macro   0x000000000000102f       0x6a ./Core/Src/main.o
 .debug_macro   0x0000000000001099      0x1df ./Core/Src/main.o
 .debug_macro   0x0000000000001278       0x1c ./Core/Src/main.o
 .debug_macro   0x0000000000001294       0x22 ./Core/Src/main.o
 .debug_macro   0x00000000000012b6       0xb5 ./Core/Src/main.o
 .debug_macro   0x000000000000136b      0x3ad ./Core/Src/main.o
 .debug_macro   0x0000000000001718     0x78b6 ./Core/Src/main.o
 .debug_macro   0x0000000000008fce       0x66 ./Core/Src/main.o
 .debug_macro   0x0000000000009034     0x3555 ./Core/Src/main.o
 .debug_macro   0x000000000000c589      0x174 ./Core/Src/main.o
 .debug_macro   0x000000000000c6fd       0x5b ./Core/Src/main.o
 .debug_macro   0x000000000000c758      0x899 ./Core/Src/main.o
 .debug_macro   0x000000000000cff1      0x42e ./Core/Src/main.o
 .debug_macro   0x000000000000d41f      0x183 ./Core/Src/main.o
 .debug_macro   0x000000000000d5a2      0x13f ./Core/Src/main.o
 .debug_macro   0x000000000000d6e1       0xf1 ./Core/Src/main.o
 .debug_macro   0x000000000000d7d2       0x82 ./Core/Src/main.o
 .debug_macro   0x000000000000d854      0x24f ./Core/Src/main.o
 .debug_macro   0x000000000000daa3       0x28 ./Core/Src/main.o
 .debug_macro   0x000000000000dacb      0x4da ./Core/Src/main.o
 .debug_macro   0x000000000000dfa5       0x65 ./Core/Src/main.o
 .debug_macro   0x000000000000e00a      0x129 ./Core/Src/main.o
 .debug_macro   0x000000000000e133      0x1c6 ./Core/Src/main.o
 .debug_macro   0x000000000000e2f9      0x22c ./Core/Src/main.o
 .debug_macro   0x000000000000e525       0x5b ./Core/Src/main.o
 .debug_macro   0x000000000000e580       0xa5 ./Core/Src/main.o
 .debug_macro   0x000000000000e625       0xb0 ./Core/Src/main.o
 .debug_macro   0x000000000000e6d5       0x16 ./Core/Src/main.o
 .debug_macro   0x000000000000e6eb      0x5ba ./Core/Src/main.o
 .debug_macro   0x000000000000eca5       0x44 ./Core/Src/main.o
 .debug_macro   0x000000000000ece9      0x100 ./Core/Src/main.o
 .debug_macro   0x000000000000ede9      0x545 ./Core/Src/main.o
 .debug_macro   0x000000000000f32e      0x13d ./Core/Src/main.o
 .debug_macro   0x000000000000f46b      0x12d ./Core/Src/main.o
 .debug_macro   0x000000000000f598       0xeb ./Core/Src/main.o
 .debug_macro   0x000000000000f683       0xa7 ./Core/Src/main.o
 .debug_macro   0x000000000000f72a       0x16 ./Core/Src/main.o
 .debug_macro   0x000000000000f740      0x3b4 ./Core/Src/main.o
 .debug_macro   0x000000000000faf4       0x2a ./Core/Src/main.o
 .debug_macro   0x000000000000fb1e       0x93 ./Core/Src/main.o
 .debug_macro   0x000000000000fbb1      0x285 ./Core/Src/main.o
 .debug_macro   0x000000000000fe36      0x228 ./Core/Src/stm32l0xx_hal_msp.o
 .debug_macro   0x000000000001005e      0x232 ./Core/Src/stm32l0xx_it.o
 .debug_macro   0x0000000000010290      0x1c4 ./Core/Src/system_stm32l0xx.o
 .debug_macro   0x0000000000010454      0x1e8 ./Drivers/STM32L0xx_HAL_Driver/Src/stm32l0xx_hal.o
 .debug_macro   0x000000000001063c      0x1d3 ./Drivers/STM32L0xx_HAL_Driver/Src/stm32l0xx_hal_adc.o
 .debug_macro   0x000000000001080f      0x1c4 ./Drivers/STM32L0xx_HAL_Driver/Src/stm32l0xx_hal_cortex.o
 .debug_macro   0x00000000000109d3      0x1c4 ./Drivers/STM32L0xx_HAL_Driver/Src/stm32l0xx_hal_dma.o
 .debug_macro   0x0000000000010b97      0x1cb ./Drivers/STM32L0xx_HAL_Driver/Src/stm32l0xx_hal_gpio.o
 .debug_macro   0x0000000000010d62      0x1e8 ./Drivers/STM32L0xx_HAL_Driver/Src/stm32l0xx_hal_rcc.o
 .debug_macro   0x0000000000010f4a      0x1c4 ./Drivers/STM32L0xx_HAL_Driver/Src/stm32l0xx_hal_rcc_ex.o
 .debug_macro   0x000000000001110e      0x1ef ./Drivers/STM32L0xx_HAL_Driver/Src/stm32l0xx_hal_uart.o
 .debug_macro   0x00000000000112fd      0x1c4 ./Drivers/STM32L0xx_HAL_Driver/Src/stm32l0xx_hal_uart_ex.o
 .debug_macro   0x00000000000114c1      0x206 ./Drivers/STM32L0xx_HAL_Driver/Src/stm32l0xx_ll_gpio.o
 .debug_macro   0x00000000000116c7      0x127 ./Drivers/STM32L0xx_HAL_Driver/Src/stm32l0xx_ll_gpio.o
 .debug_macro   0x00000000000117ee      0x224 ./Drivers/STM32L0xx_HAL_Driver/Src/stm32l0xx_ll_tim.o
 .debug_macro   0x0000000000011a12      0x53f ./Drivers/STM32L0xx_HAL_Driver/Src/stm32l0xx_ll_tim.o

.debug_line     0x0000000000000000     0xce29
 .debug_line    0x0000000000000000      0xf37 ./Core/Src/main.o
 .debug_line    0x0000000000000f37      0x89b ./Core/Src/stm32l0xx_hal_msp.o
 .debug_line    0x00000000000017d2      0x8e0 ./Core/Src/stm32l0xx_it.o
 .debug_line    0x00000000000020b2      0x7ce ./Core/Src/system_stm32l0xx.o
 .debug_line    0x0000000000002880       0x9b ./Core/Startup/startup_stm32l010f4px.o
 .debug_line    0x000000000000291b      0xa71 ./Drivers/STM32L0xx_HAL_Driver/Src/stm32l0xx_hal.o
 .debug_line    0x000000000000338c     0x114d ./Drivers/STM32L0xx_HAL_Driver/Src/stm32l0xx_hal_adc.o
 .debug_line    0x00000000000044d9      0xa48 ./Drivers/STM32L0xx_HAL_Driver/Src/stm32l0xx_hal_cortex.o
 .debug_line    0x0000000000004f21      0xc60 ./Drivers/STM32L0xx_HAL_Driver/Src/stm32l0xx_hal_dma.o
 .debug_line    0x0000000000005b81      0xada ./Drivers/STM32L0xx_HAL_Driver/Src/stm32l0xx_hal_gpio.o
 .debug_line    0x000000000000665b      0xe5d ./Drivers/STM32L0xx_HAL_Driver/Src/stm32l0xx_hal_rcc.o
 .debug_line    0x00000000000074b8      0xa91 ./Drivers/STM32L0xx_HAL_Driver/Src/stm32l0xx_hal_rcc_ex.o
 .debug_line    0x0000000000007f49     0x2d8c ./Drivers/STM32L0xx_HAL_Driver/Src/stm32l0xx_hal_uart.o
 .debug_line    0x000000000000acd5      0xce8 ./Drivers/STM32L0xx_HAL_Driver/Src/stm32l0xx_hal_uart_ex.o
 .debug_line    0x000000000000b9bd      0x8ca ./Drivers/STM32L0xx_HAL_Driver/Src/stm32l0xx_ll_gpio.o
 .debug_line    0x000000000000c287      0xba2 ./Drivers/STM32L0xx_HAL_Driver/Src/stm32l0xx_ll_tim.o

.debug_str      0x0000000000000000    0x6ab8f
 .debug_str     0x0000000000000000    0x67c50 ./Core/Src/main.o
                                      0x684ce (size before relaxing)
 .debug_str     0x0000000000067c50       0x78 ./Core/Src/stm32l0xx_hal_msp.o
                                      0x67edd (size before relaxing)
 .debug_str     0x0000000000067cc8       0x9f ./Core/Src/stm32l0xx_it.o
                                      0x67b3a (size before relaxing)
 .debug_str     0x0000000000067d67       0x61 ./Core/Src/system_stm32l0xx.o
                                      0x60747 (size before relaxing)
 .debug_str     0x0000000000067dc8       0x36 ./Core/Startup/startup_stm32l010f4px.o
                                         0x7a (size before relaxing)
 .debug_str     0x0000000000067dfe      0x40f ./Drivers/STM32L0xx_HAL_Driver/Src/stm32l0xx_hal.o
                                      0x60d55 (size before relaxing)
 .debug_str     0x000000000006820d      0x343 ./Drivers/STM32L0xx_HAL_Driver/Src/stm32l0xx_hal_adc.o
                                      0x60e32 (size before relaxing)
 .debug_str     0x0000000000068550      0x16e ./Drivers/STM32L0xx_HAL_Driver/Src/stm32l0xx_hal_cortex.o
                                      0x60a6d (size before relaxing)
 .debug_str     0x00000000000686be      0x267 ./Drivers/STM32L0xx_HAL_Driver/Src/stm32l0xx_hal_dma.o
                                      0x60af9 (size before relaxing)
 .debug_str     0x0000000000068925      0x14d ./Drivers/STM32L0xx_HAL_Driver/Src/stm32l0xx_hal_gpio.o
                                      0x60931 (size before relaxing)
 .debug_str     0x0000000000068a72      0x25b ./Drivers/STM32L0xx_HAL_Driver/Src/stm32l0xx_hal_rcc.o
                                      0x60b80 (size before relaxing)
 .debug_str     0x0000000000068ccd      0x13a ./Drivers/STM32L0xx_HAL_Driver/Src/stm32l0xx_hal_rcc_ex.o
                                      0x6094a (size before relaxing)
 .debug_str     0x0000000000068e07      0x8d5 ./Drivers/STM32L0xx_HAL_Driver/Src/stm32l0xx_hal_uart.o
                                      0x6146e (size before relaxing)
 .debug_str     0x00000000000696dc      0x1dd ./Drivers/STM32L0xx_HAL_Driver/Src/stm32l0xx_hal_uart_ex.o
                                      0x60d08 (size before relaxing)
 .debug_str     0x00000000000698b9      0x552 ./Drivers/STM32L0xx_HAL_Driver/Src/stm32l0xx_ll_gpio.o
                                      0x61849 (size before relaxing)
 .debug_str     0x0000000000069e0b      0xd84 ./Drivers/STM32L0xx_HAL_Driver/Src/stm32l0xx_ll_tim.o
                                      0x6448b (size before relaxing)

.comment        0x0000000000000000       0x53
 .comment       0x0000000000000000       0x53 ./Core/Src/main.o
                                         0x54 (size before relaxing)
 .comment       0x0000000000000053       0x54 ./Core/Src/stm32l0xx_hal_msp.o
 .comment       0x0000000000000053       0x54 ./Core/Src/stm32l0xx_it.o
 .comment       0x0000000000000053       0x54 ./Core/Src/system_stm32l0xx.o
 .comment       0x0000000000000053       0x54 ./Drivers/STM32L0xx_HAL_Driver/Src/stm32l0xx_hal.o
 .comment       0x0000000000000053       0x54 ./Drivers/STM32L0xx_HAL_Driver/Src/stm32l0xx_hal_adc.o
 .comment       0x0000000000000053       0x54 ./Drivers/STM32L0xx_HAL_Driver/Src/stm32l0xx_hal_cortex.o
 .comment       0x0000000000000053       0x54 ./Drivers/STM32L0xx_HAL_Driver/Src/stm32l0xx_hal_dma.o
 .comment       0x0000000000000053       0x54 ./Drivers/STM32L0xx_HAL_Driver/Src/stm32l0xx_hal_gpio.o
 .comment       0x0000000000000053       0x54 ./Drivers/STM32L0xx_HAL_Driver/Src/stm32l0xx_hal_rcc.o
 .comment       0x0000000000000053       0x54 ./Drivers/STM32L0xx_HAL_Driver/Src/stm32l0xx_hal_rcc_ex.o
 .comment       0x0000000000000053       0x54 ./Drivers/STM32L0xx_HAL_Driver/Src/stm32l0xx_hal_uart.o
 .comment       0x0000000000000053       0x54 ./Drivers/STM32L0xx_HAL_Driver/Src/stm32l0xx_hal_uart_ex.o
 .comment       0x0000000000000053       0x54 ./Drivers/STM32L0xx_HAL_Driver/Src/stm32l0xx_ll_gpio.o
 .comment       0x0000000000000053       0x54 ./Drivers/STM32L0xx_HAL_Driver/Src/stm32l0xx_ll_tim.o

.debug_frame    0x0000000000000000     0x2648
 .debug_frame   0x0000000000000000      0x3ac ./Core/Src/main.o
 .debug_frame   0x00000000000003ac       0xac ./Core/Src/stm32l0xx_hal_msp.o
 .debug_frame   0x0000000000000458      0x114 ./Core/Src/stm32l0xx_it.o
 .debug_frame   0x000000000000056c       0x4c ./Core/Src/system_stm32l0xx.o
 .debug_frame   0x00000000000005b8      0x394 ./Drivers/STM32L0xx_HAL_Driver/Src/stm32l0xx_hal.o
 .debug_frame   0x000000000000094c      0x3c0 ./Drivers/STM32L0xx_HAL_Driver/Src/stm32l0xx_hal_adc.o
 .debug_frame   0x0000000000000d0c      0x2a0 ./Drivers/STM32L0xx_HAL_Driver/Src/stm32l0xx_hal_cortex.o
 .debug_frame   0x0000000000000fac      0x1b0 ./Drivers/STM32L0xx_HAL_Driver/Src/stm32l0xx_hal_dma.o
 .debug_frame   0x000000000000115c      0x110 ./Drivers/STM32L0xx_HAL_Driver/Src/stm32l0xx_hal_gpio.o
 .debug_frame   0x000000000000126c      0x154 ./Drivers/STM32L0xx_HAL_Driver/Src/stm32l0xx_hal_rcc.o
 .debug_frame   0x00000000000013c0       0xfc ./Drivers/STM32L0xx_HAL_Driver/Src/stm32l0xx_hal_rcc_ex.o
 .debug_frame   0x00000000000014bc      0x854 ./Drivers/STM32L0xx_HAL_Driver/Src/stm32l0xx_hal_uart.o
 .debug_frame   0x0000000000001d10      0x198 ./Drivers/STM32L0xx_HAL_Driver/Src/stm32l0xx_hal_uart_ex.o
 .debug_frame   0x0000000000001ea8      0x170 ./Drivers/STM32L0xx_HAL_Driver/Src/stm32l0xx_ll_gpio.o
 .debug_frame   0x0000000000002018      0x3b0 ./Drivers/STM32L0xx_HAL_Driver/Src/stm32l0xx_ll_tim.o
 .debug_frame   0x00000000000023c8       0x2c /Applications/STM32CubeIDE.app/Contents/Eclipse/plugins/com.st.stm32cube.ide.mcu.externaltools.gnu-tools-for-stm32.9-2020-q2-update.macos64_2.0.0.202105311346/tools/bin/../lib/gcc/arm-none-eabi/9.3.1/../../../../arm-none-eabi/lib/thumb/v6-m/nofp/libc_nano.a(lib_a-init.o)
 .debug_frame   0x00000000000023f4       0x20 /Applications/STM32CubeIDE.app/Contents/Eclipse/plugins/com.st.stm32cube.ide.mcu.externaltools.gnu-tools-for-stm32.9-2020-q2-update.macos64_2.0.0.202105311346/tools/bin/../lib/gcc/arm-none-eabi/9.3.1/../../../../arm-none-eabi/lib/thumb/v6-m/nofp/libc_nano.a(lib_a-memset.o)
 .debug_frame   0x0000000000002414       0x20 /Applications/STM32CubeIDE.app/Contents/Eclipse/plugins/com.st.stm32cube.ide.mcu.externaltools.gnu-tools-for-stm32.9-2020-q2-update.macos64_2.0.0.202105311346/tools/bin/../lib/gcc/arm-none-eabi/9.3.1/thumb/v6-m/nofp/libgcc.a(_udivsi3.o)
 .debug_frame   0x0000000000002434       0x34 /Applications/STM32CubeIDE.app/Contents/Eclipse/plugins/com.st.stm32cube.ide.mcu.externaltools.gnu-tools-for-stm32.9-2020-q2-update.macos64_2.0.0.202105311346/tools/bin/../lib/gcc/arm-none-eabi/9.3.1/thumb/v6-m/nofp/libgcc.a(_muldi3.o)
 .debug_frame   0x0000000000002468       0x2c /Applications/STM32CubeIDE.app/Contents/Eclipse/plugins/com.st.stm32cube.ide.mcu.externaltools.gnu-tools-for-stm32.9-2020-q2-update.macos64_2.0.0.202105311346/tools/bin/../lib/gcc/arm-none-eabi/9.3.1/thumb/v6-m/nofp/libgcc.a(_fixunsdfsi.o)
 .debug_frame   0x0000000000002494       0x3c /Applications/STM32CubeIDE.app/Contents/Eclipse/plugins/com.st.stm32cube.ide.mcu.externaltools.gnu-tools-for-stm32.9-2020-q2-update.macos64_2.0.0.202105311346/tools/bin/../lib/gcc/arm-none-eabi/9.3.1/thumb/v6-m/nofp/libgcc.a(_udivmoddi4.o)
 .debug_frame   0x00000000000024d0       0x3c /Applications/STM32CubeIDE.app/Contents/Eclipse/plugins/com.st.stm32cube.ide.mcu.externaltools.gnu-tools-for-stm32.9-2020-q2-update.macos64_2.0.0.202105311346/tools/bin/../lib/gcc/arm-none-eabi/9.3.1/thumb/v6-m/nofp/libgcc.a(muldf3.o)
 .debug_frame   0x000000000000250c       0x3c /Applications/STM32CubeIDE.app/Contents/Eclipse/plugins/com.st.stm32cube.ide.mcu.externaltools.gnu-tools-for-stm32.9-2020-q2-update.macos64_2.0.0.202105311346/tools/bin/../lib/gcc/arm-none-eabi/9.3.1/thumb/v6-m/nofp/libgcc.a(subdf3.o)
 .debug_frame   0x0000000000002548       0x2c /Applications/STM32CubeIDE.app/Contents/Eclipse/plugins/com.st.stm32cube.ide.mcu.externaltools.gnu-tools-for-stm32.9-2020-q2-update.macos64_2.0.0.202105311346/tools/bin/../lib/gcc/arm-none-eabi/9.3.1/thumb/v6-m/nofp/libgcc.a(fixdfsi.o)
 .debug_frame   0x0000000000002574       0x2c /Applications/STM32CubeIDE.app/Contents/Eclipse/plugins/com.st.stm32cube.ide.mcu.externaltools.gnu-tools-for-stm32.9-2020-q2-update.macos64_2.0.0.202105311346/tools/bin/../lib/gcc/arm-none-eabi/9.3.1/thumb/v6-m/nofp/libgcc.a(floatsidf.o)
 .debug_frame   0x00000000000025a0       0x38 /Applications/STM32CubeIDE.app/Contents/Eclipse/plugins/com.st.stm32cube.ide.mcu.externaltools.gnu-tools-for-stm32.9-2020-q2-update.macos64_2.0.0.202105311346/tools/bin/../lib/gcc/arm-none-eabi/9.3.1/thumb/v6-m/nofp/libgcc.a(eqdf2.o)
 .debug_frame   0x00000000000025d8       0x38 /Applications/STM32CubeIDE.app/Contents/Eclipse/plugins/com.st.stm32cube.ide.mcu.externaltools.gnu-tools-for-stm32.9-2020-q2-update.macos64_2.0.0.202105311346/tools/bin/../lib/gcc/arm-none-eabi/9.3.1/thumb/v6-m/nofp/libgcc.a(gedf2.o)
 .debug_frame   0x0000000000002610       0x38 /Applications/STM32CubeIDE.app/Contents/Eclipse/plugins/com.st.stm32cube.ide.mcu.externaltools.gnu-tools-for-stm32.9-2020-q2-update.macos64_2.0.0.202105311346/tools/bin/../lib/gcc/arm-none-eabi/9.3.1/thumb/v6-m/nofp/libgcc.a(ledf2.o)
